Archive member included to satisfy reference by file (symbol)

C:\Users\samu_\Documents\MCUXpressoIDE_10.0.0_344\workspace\lpc_chip_43xx\Debug\liblpc_chip_43xx.a(adc_18xx_43xx.o)
                              ./src/Work_ADC.o (Chip_ADC_Init)
C:\Users\samu_\Documents\MCUXpressoIDE_10.0.0_344\workspace\lpc_chip_43xx\Debug\liblpc_chip_43xx.a(chip_18xx_43xx.o)
                              ./src/WorkSD.o (SystemCoreClock)
C:\Users\samu_\Documents\MCUXpressoIDE_10.0.0_344\workspace\lpc_chip_43xx\Debug\liblpc_chip_43xx.a(clock_18xx_43xx.o)
                              C:\Users\samu_\Documents\MCUXpressoIDE_10.0.0_344\workspace\lpc_chip_43xx\Debug\liblpc_chip_43xx.a(chip_18xx_43xx.o) (Chip_Clock_GetClockInputHz)
C:\Users\samu_\Documents\MCUXpressoIDE_10.0.0_344\workspace\lpc_chip_43xx\Debug\liblpc_chip_43xx.a(fpu_init.o)
                              ./src/sysinit.o (fpuInit)
C:\Users\samu_\Documents\MCUXpressoIDE_10.0.0_344\workspace\lpc_chip_43xx\Debug\liblpc_chip_43xx.a(gpio_18xx_43xx.o)
                              ./src/UPC_nRF24L01.o (Chip_GPIO_Init)
C:\Users\samu_\Documents\MCUXpressoIDE_10.0.0_344\workspace\lpc_chip_43xx\Debug\liblpc_chip_43xx.a(rtc_18xx_43xx.o)
                              ./src/rtc.o (Chip_RTC_Init)
C:\Users\samu_\Documents\MCUXpressoIDE_10.0.0_344\workspace\lpc_chip_43xx\Debug\liblpc_chip_43xx.a(ssp_18xx_43xx.o)
                              ./src/mmc.o (Chip_SSP_RWFrames_Blocking)
C:\Users\samu_\Documents\MCUXpressoIDE_10.0.0_344\workspace\lpc_chip_43xx\Debug\liblpc_chip_43xx.a(sysinit_18xx_43xx.o)
                              ./src/sysinit.o (Chip_SystemInit)
C:\Users\samu_\Documents\MCUXpressoIDE_10.0.0_344\workspace\lpc_chip_43xx\Debug\liblpc_chip_43xx.a(timer_18xx_43xx.o)
                              ./src/TriAc.o (Chip_TIMER_Init)
C:\Users\samu_\Documents\MCUXpressoIDE_10.0.0_344\workspace\lpc_chip_43xx\Debug\liblpc_chip_43xx.a(uart_18xx_43xx.o)
                              ./src/Serial.o (Chip_UART_Init)
C:\Users\samu_\Documents\MCUXpressoIDE_10.0.0_344\workspace\lpc_chip_43xx\Debug\liblpc_chip_43xx.a(ring_buffer.o)
                              C:\Users\samu_\Documents\MCUXpressoIDE_10.0.0_344\workspace\lpc_chip_43xx\Debug\liblpc_chip_43xx.a(uart_18xx_43xx.o) (RingBuffer_Insert)
c:/nxp/mcuxpressoide_10.0.0_344/ide/tools/bin/../lib/gcc/arm-none-eabi/5.4.1/../../../../arm-none-eabi/lib/armv7e-m/softfp\libcr_c.a(memcpy.o)
                              C:\Users\samu_\Documents\MCUXpressoIDE_10.0.0_344\workspace\lpc_chip_43xx\Debug\liblpc_chip_43xx.a(ring_buffer.o) (memcpy)
c:/nxp/mcuxpressoide_10.0.0_344/ide/tools/bin/../lib/gcc/arm-none-eabi/5.4.1/../../../../arm-none-eabi/lib/armv7e-m/softfp\libcr_c.a(memset.o)
                              C:\Users\samu_\Documents\MCUXpressoIDE_10.0.0_344\workspace\lpc_chip_43xx\Debug\liblpc_chip_43xx.a(clock_18xx_43xx.o) (memset)
c:/nxp/mcuxpressoide_10.0.0_344/ide/tools/bin/../lib/gcc/arm-none-eabi/5.4.1/../../../../arm-none-eabi/lib/armv7e-m/softfp\libcr_c.a(__weak__main.o)
                              ./src/cr_startup_lpc43xx.o (__main)
c:/nxp/mcuxpressoide_10.0.0_344/ide/tools/bin/../lib/gcc/arm-none-eabi/5.4.1/../../../../arm-none-eabi/lib/armv7e-m/softfp\libcr_c.a(itoa.o)
                              ./src/ESP8266.o (itoa)
c:/nxp/mcuxpressoide_10.0.0_344/ide/tools/bin/../lib/gcc/arm-none-eabi/5.4.1/../../../../arm-none-eabi/lib/armv7e-m/softfp\libcr_c.a(strcat.o)
                              ./src/WorkSD.o (strcat)
c:/nxp/mcuxpressoide_10.0.0_344/ide/tools/bin/../lib/gcc/arm-none-eabi/5.4.1/../../../../arm-none-eabi/lib/armv7e-m/softfp\libcr_c.a(strcpy.o)
                              ./src/WorkSD.o (strcpy)
c:/nxp/mcuxpressoide_10.0.0_344/ide/tools/bin/../lib/gcc/arm-none-eabi/5.4.1/../../../../arm-none-eabi/lib/armv7e-m/softfp\libcr_c.a(strlen.o)
                              ./src/WorkSD.o (strlen)
c:/nxp/mcuxpressoide_10.0.0_344/ide/tools/bin/../lib/gcc/arm-none-eabi/5.4.1/armv7e-m/softfp\libcr_eabihelpers.a(division_64.o)
                              C:\Users\samu_\Documents\MCUXpressoIDE_10.0.0_344\workspace\lpc_chip_43xx\Debug\liblpc_chip_43xx.a(uart_18xx_43xx.o) (__aeabi_uldivmod)
c:/nxp/mcuxpressoide_10.0.0_344/ide/tools/bin/../lib/gcc/arm-none-eabi/5.4.1/armv7e-m/softfp\libcr_eabihelpers.a(division_idiv0.o)
                              c:/nxp/mcuxpressoide_10.0.0_344/ide/tools/bin/../lib/gcc/arm-none-eabi/5.4.1/armv7e-m/softfp\libcr_eabihelpers.a(division_64.o) (__aeabi_idiv0)
c:/nxp/mcuxpressoide_10.0.0_344/ide/tools/bin/../lib/gcc/arm-none-eabi/5.4.1/armv7e-m/softfp\libcr_eabihelpers.a(memcpy.o)
                              c:/nxp/mcuxpressoide_10.0.0_344/ide/tools/bin/../lib/gcc/arm-none-eabi/5.4.1/../../../../arm-none-eabi/lib/armv7e-m/softfp\libcr_c.a(memcpy.o) (__aeabi_memcpy)

Allocating common symbols
Common symbol       size              file

[...]
Memory Configuration

Name             Origin             Length             Attributes
MFlashA512       0x1a000000         0x00080000         xr
MFlashB512       0x1b000000         0x00080000         xr
RamLoc32         0x10000000         0x00008000         xrw
RamLoc40         0x10080000         0x0000a000         xrw
RamAHB32         0x20000000         0x00008000         xrw
RamAHB16         0x20008000         0x00004000         xrw
RamAHB_ETB16     0x2000c000         0x00004000         xrw
*default*        0x00000000         0xffffffff

Linker script and memory map

LOAD ./src/ESP8266.o
LOAD ./src/Serial.o
LOAD ./src/TriAc.o
LOAD ./src/UPC_nRF24L01.o
LOAD ./src/WorkApp.o
LOAD ./src/WorkSD.o
LOAD ./src/Work_ADC.o
LOAD ./src/Work_Bluetooth.o
LOAD ./src/Work_Bomba.o
LOAD ./src/cr_startup_lpc43xx.o
LOAD ./src/crp.o
LOAD ./src/ff.o
LOAD ./src/lcd.o
LOAD ./src/mmc.o
LOAD ./src/puertos.o
LOAD ./src/rtc.o
LOAD ./src/sapi_datatypes.o
LOAD ./src/sapi_spi.o
LOAD ./src/sase2018.o
LOAD ./src/sysinit.o
LOAD C:\Users\samu_\Documents\MCUXpressoIDE_10.0.0_344\workspace\lpc_chip_43xx\Debug\liblpc_chip_43xx.a
START GROUP
LOAD c:/nxp/mcuxpressoide_10.0.0_344/ide/tools/bin/../lib/gcc/arm-none-eabi/5.4.1/../../../../arm-none-eabi/lib/armv7e-m/softfp\libcr_c.a
LOAD c:/nxp/mcuxpressoide_10.0.0_344/ide/tools/bin/../lib/gcc/arm-none-eabi/5.4.1/armv7e-m/softfp\libcr_eabihelpers.a
END GROUP
                0x1a000000                __base_MFlashA512 = 0x1a000000
                0x1a000000                __base_Flash = 0x1a000000
                0x1a080000                __top_MFlashA512 = 0x1a080000
                0x1a080000                __top_Flash = 0x1a080000
                0x1b000000                __base_MFlashB512 = 0x1b000000
                0x1b000000                __base_Flash2 = 0x1b000000
                0x1b080000                __top_MFlashB512 = 0x1b080000
                0x1b080000                __top_Flash2 = 0x1b080000
                0x10000000                __base_RamLoc32 = 0x10000000
                0x10000000                __base_RAM = 0x10000000
                0x10008000                __top_RamLoc32 = 0x10008000
                0x10008000                __top_RAM = 0x10008000
                0x10080000                __base_RamLoc40 = 0x10080000
                0x10080000                __base_RAM2 = 0x10080000
                0x1008a000                __top_RamLoc40 = 0x1008a000
                0x1008a000                __top_RAM2 = 0x1008a000
                0x20000000                __base_RamAHB32 = 0x20000000
                0x20000000                __base_RAM3 = 0x20000000
                0x20008000                __top_RamAHB32 = 0x20008000
                0x20008000                __top_RAM3 = 0x20008000
                0x20008000                __base_RamAHB16 = 0x20008000
                0x20008000                __base_RAM4 = 0x20008000
                0x2000c000                __top_RamAHB16 = 0x2000c000
                0x2000c000                __top_RAM4 = 0x2000c000
                0x2000c000                __base_RamAHB_ETB16 = 0x2000c000
                0x2000c000                __base_RAM5 = 0x2000c000
                0x20010000                __top_RamAHB_ETB16 = 0x20010000
                0x20010000                __top_RAM5 = 0x20010000

.text_Flash2    0x1b000000        0x0
 FILL mask 0xff
 *(.text_Flash2*)
 *(.text_MFlashB512*)
 *(.text.$Flash2*)
 *(.text.$MFlashB512*)
 *(.rodata.$Flash2*)
 *(.rodata.$MFlashB512*)

.text           0x1a000000     0x9428
 FILL mask 0xff
                0x1a000000                __vectors_start__ = ABSOLUTE (.)
 *(.isr_vector)
 .isr_vector    0x1a000000      0x114 ./src/cr_startup_lpc43xx.o
                0x1a000000                g_pfnVectors
                0x1a000114                . = ALIGN (0x4)
                0x1a000114                __section_table_start = .
                0x1a000114                __data_section_table = .
                0x1a000114        0x4 LONG 0x1a009428 LOADADDR (.data)
                0x1a000118        0x4 LONG 0x10000000 ADDR (.data)
                0x1a00011c        0x4 LONG 0x14 SIZEOF (.data)
                0x1a000120        0x4 LONG 0x1a009428 LOADADDR (.data_RAM2)
                0x1a000124        0x4 LONG 0x10080000 ADDR (.data_RAM2)
                0x1a000128        0x4 LONG 0x0 SIZEOF (.data_RAM2)
                0x1a00012c        0x4 LONG 0x1a009428 LOADADDR (.data_RAM3)
                0x1a000130        0x4 LONG 0x20000000 ADDR (.data_RAM3)
                0x1a000134        0x4 LONG 0x0 SIZEOF (.data_RAM3)
                0x1a000138        0x4 LONG 0x1a009428 LOADADDR (.data_RAM4)
                0x1a00013c        0x4 LONG 0x20008000 ADDR (.data_RAM4)
                0x1a000140        0x4 LONG 0x0 SIZEOF (.data_RAM4)
                0x1a000144        0x4 LONG 0x1a009428 LOADADDR (.data_RAM5)
                0x1a000148        0x4 LONG 0x2000c000 ADDR (.data_RAM5)
                0x1a00014c        0x4 LONG 0x0 SIZEOF (.data_RAM5)
                0x1a000150                __data_section_table_end = .
                0x1a000150                __bss_section_table = .
                0x1a000150        0x4 LONG 0x10000014 ADDR (.bss)
                0x1a000154        0x4 LONG 0x960 SIZEOF (.bss)
                0x1a000158        0x4 LONG 0x10080000 ADDR (.bss_RAM2)
                0x1a00015c        0x4 LONG 0x0 SIZEOF (.bss_RAM2)
                0x1a000160        0x4 LONG 0x20000000 ADDR (.bss_RAM3)
                0x1a000164        0x4 LONG 0x0 SIZEOF (.bss_RAM3)
                0x1a000168        0x4 LONG 0x20008000 ADDR (.bss_RAM4)
                0x1a00016c        0x4 LONG 0x0 SIZEOF (.bss_RAM4)
                0x1a000170        0x4 LONG 0x2000c000 ADDR (.bss_RAM5)
                0x1a000174        0x4 LONG 0x0 SIZEOF (.bss_RAM5)
                0x1a000178                __bss_section_table_end = .
                0x1a000178                __section_table_end = .
 *(.after_vectors*)
 .after_vectors
                0x1a000178       0xcc ./src/cr_startup_lpc43xx.o
                0x1a000178                data_init
                0x1a0001bc                bss_init
                0x1a0001f4                NMI_Handler
                0x1a0001fc                HardFault_Handler
                0x1a000204                MemManage_Handler
                0x1a00020c                BusFault_Handler
                0x1a000214                UsageFault_Handler
                0x1a00021c                SVC_Handler
                0x1a000224                DebugMon_Handler
                0x1a00022c                PendSV_Handler
                0x1a00023c                I2C1_IRQHandler
                0x1a00023c                UART1_IRQHandler
                0x1a00023c                GPIO5_IRQHandler
                0x1a00023c                CAN1_IRQHandler
                0x1a00023c                USB1_IRQHandler
                0x1a00023c                I2S0_IRQHandler
                0x1a00023c                TIMER3_IRQHandler
                0x1a00023c                UART0_IRQHandler
                0x1a00023c                SDIO_IRQHandler
                0x1a00023c                SGPIO_IRQHandler
                0x1a00023c                I2C0_IRQHandler
                0x1a00023c                FLASH_EEPROM_IRQHandler
                0x1a00023c                GPIO6_IRQHandler
                0x1a00023c                ATIMER_IRQHandler
                0x1a00023c                SSP0_IRQHandler
                0x1a00023c                ADC1_IRQHandler
                0x1a00023c                RTC_IRQHandler
                0x1a00023c                TIMER0_IRQHandler
                0x1a00023c                SPI_IRQHandler
                0x1a00023c                LCD_IRQHandler
                0x1a00023c                ADCHS_IRQHandler
                0x1a00023c                GPIO2_IRQHandler
                0x1a00023c                I2S1_IRQHandler
                0x1a00023c                SSP1_IRQHandler
                0x1a00023c                USB0_IRQHandler
                0x1a00023c                GPIO3_IRQHandler
                0x1a00023c                SCT_IRQHandler
                0x1a00023c                IntDefaultHandler
                0x1a00023c                WDT_IRQHandler
                0x1a00023c                ADC0_IRQHandler
                0x1a00023c                GPIO7_IRQHandler
                0x1a00023c                SPIFI_IRQHandler
                0x1a00023c                QEI_IRQHandler
                0x1a00023c                ETH_IRQHandler
                0x1a00023c                CAN0_IRQHandler
                0x1a00023c                GINT0_IRQHandler
                0x1a00023c                DAC_IRQHandler
                0x1a00023c                M0SUB_IRQHandler
                0x1a00023c                DMA_IRQHandler
                0x1a00023c                EVRT_IRQHandler
                0x1a00023c                TIMER2_IRQHandler
                0x1a00023c                MCPWM_IRQHandler
                0x1a00023c                M0APP_IRQHandler
                0x1a00023c                GINT1_IRQHandler
                0x1a00023c                GPIO4_IRQHandler
                0x000002fc                . = 0x2fc
 *fill*         0x1a000244       0xb8 ff
                0x1a0002fc                PROVIDE (__CRP_WORD_START__, .)
 *(.crp)
 .crp           0x1a0002fc        0x4 ./src/crp.o
                0x1a0002fc                CRP_WORD
                0x1a000300                PROVIDE (__CRP_WORD_END__, .)
                0x00000001                ASSERT (! ((__CRP_WORD_START__ == __CRP_WORD_END__)), Linker CRP Enabled, but no CRP_WORD provided within application)
 *(.text*)
 .text.Chip_GPIO_SetPinOutHigh
                0x1a000300       0x34 ./src/ESP8266.o
 .text.ESP8266_begin
                0x1a000334       0x80 ./src/ESP8266.o
                0x1a000334                ESP8266_begin
 .text.ESP8266_echoCmds
                0x1a0003b4       0x4c ./src/ESP8266.o
                0x1a0003b4                ESP8266_echoCmds
 .text.ESP266_mode
                0x1a000400       0x34 ./src/ESP8266.o
                0x1a000400                ESP266_mode
 .text.ESP266_ConnectThingSpeak
                0x1a000434       0x38 ./src/ESP8266.o
                0x1a000434                ESP266_ConnectThingSpeak
 .text.ESP8266_WriteChannel
                0x1a00046c      0x120 ./src/ESP8266.o
                0x1a00046c                ESP8266_WriteChannel
 .text.NVIC_ClearPendingIRQ
                0x1a00058c       0x34 ./src/Serial.o
 .text.Chip_SCU_PinMuxSet
                0x1a0005c0       0x34 ./src/Serial.o
 .text.Chip_SCU_PinMux
                0x1a0005f4       0x3c ./src/Serial.o
 .text.Chip_GPIO_SetPinDIROutput
                0x1a000630       0x40 ./src/Serial.o
 .text.Chip_UART_TXEnable
                0x1a000670       0x1c ./src/Serial.o
 .text.Chip_UART_SendByte
                0x1a00068c       0x20 ./src/Serial.o
 .text.Chip_UART_ReadByte
                0x1a0006ac       0x1c ./src/Serial.o
 .text.Chip_UART_SetupFIFOS
                0x1a0006c8       0x1c ./src/Serial.o
 .text.Chip_UART_ReadLineStatus
                0x1a0006e4       0x18 ./src/Serial.o
 .text.Serial_Begin
                0x1a0006fc       0x8c ./src/Serial.o
                0x1a0006fc                Serial_Begin
 .text.Serial_Send
                0x1a000788       0x34 ./src/Serial.o
                0x1a000788                Serial_Send
 .text.Serial_String
                0x1a0007bc       0x2c ./src/Serial.o
                0x1a0007bc                Serial_String
 .text.ESP8266_waitFor
                0x1a0007e8       0x8c ./src/Serial.o
                0x1a0007e8                ESP8266_waitFor
 .text.UART3_IRQHandler
                0x1a000874       0x60 ./src/Serial.o
                0x1a000874                UART3_IRQHandler
 .text.ESP8266_wait
                0x1a0008d4       0xd4 ./src/Serial.o
                0x1a0008d4                ESP8266_wait
 .text.Modulo_Delay_X1
                0x1a0009a8       0x2c ./src/Serial.o
                0x1a0009a8                Modulo_Delay_X1
 .text.Modulo_Delay_X2
                0x1a0009d4       0x2c ./src/Serial.o
                0x1a0009d4                Modulo_Delay_X2
 .text.NVIC_ClearPendingIRQ
                0x1a000a00       0x34 ./src/TriAc.o
 .text.Chip_GPIO_SetPinOutHigh
                0x1a000a34       0x34 ./src/TriAc.o
 .text.Chip_GPIO_SetPinOutLow
                0x1a000a68       0x34 ./src/TriAc.o
 .text.Chip_PININT_ClearIntStatus
                0x1a000a9c       0x1c ./src/TriAc.o
 .text.Chip_TIMER_MatchPending
                0x1a000ab8       0x34 ./src/TriAc.o
 .text.Chip_TIMER_ClearMatch
                0x1a000aec       0x28 ./src/TriAc.o
 .text.PI_Get_Ref
                0x1a000b14       0x20 ./src/TriAc.o
                0x1a000b14                PI_Get_Ref
 .text.GPIO1_IRQHandler
                0x1a000b34       0x3c ./src/TriAc.o
                0x1a000b34                GPIO1_IRQHandler
 .text.TIMER1_IRQHandler
                0x1a000b70       0xd0 ./src/TriAc.o
                0x1a000b70                TIMER1_IRQHandler
 .text.NVIC_ClearPendingIRQ
                0x1a000c40       0x34 ./src/UPC_nRF24L01.o
 .text.Chip_SCU_PinMuxSet
                0x1a000c74       0x34 ./src/UPC_nRF24L01.o
 .text.Chip_SCU_PinMux
                0x1a000ca8       0x3c ./src/UPC_nRF24L01.o
 .text.Chip_GPIO_SetPinDIROutput
                0x1a000ce4       0x40 ./src/UPC_nRF24L01.o
 .text.Chip_GPIO_SetPinOutHigh
                0x1a000d24       0x34 ./src/UPC_nRF24L01.o
 .text.Chip_GPIO_SetPinOutLow
                0x1a000d58       0x34 ./src/UPC_nRF24L01.o
 .text.Chip_PININT_ClearIntStatus
                0x1a000d8c       0x1c ./src/UPC_nRF24L01.o
 .text.SPI_Start
                0x1a000da8       0x28 ./src/UPC_nRF24L01.o
                0x1a000da8                SPI_Start
 .text.nRF24L01_Ports_Start
                0x1a000dd0       0x48 ./src/UPC_nRF24L01.o
                0x1a000dd0                nRF24L01_Ports_Start
 .text.SPI_Transfer
                0x1a000e18       0x20 ./src/UPC_nRF24L01.o
                0x1a000e18                SPI_Transfer
 .text.Read_nRF24L01_Register
                0x1a000e38       0x34 ./src/UPC_nRF24L01.o
                0x1a000e38                Read_nRF24L01_Register
 .text.Write_nRF24L01_Register
                0x1a000e6c       0x74 ./src/UPC_nRF24L01.o
                0x1a000e6c                Write_nRF24L01_Register
 .text.Read_nRF24L01_Status
                0x1a000ee0       0x24 ./src/UPC_nRF24L01.o
                0x1a000ee0                Read_nRF24L01_Status
 .text.Write_nRF24L01_Status
                0x1a000f04       0x30 ./src/UPC_nRF24L01.o
                0x1a000f04                Write_nRF24L01_Status
 .text.Read_nRF24L01_Address_Register
                0x1a000f34       0x54 ./src/UPC_nRF24L01.o
                0x1a000f34                Read_nRF24L01_Address_Register
 .text.Write_nRF24L01_Address_Register
                0x1a000f88       0xa8 ./src/UPC_nRF24L01.o
                0x1a000f88                Write_nRF24L01_Address_Register
 .text.Read_nRF24L01_RX_Payload
                0x1a001030       0xbc ./src/UPC_nRF24L01.o
                0x1a001030                Read_nRF24L01_RX_Payload
 .text.Reset_nRF24L01_Status_and_nRF24L01_Payloads
                0x1a0010ec       0x48 ./src/UPC_nRF24L01.o
                0x1a0010ec                Reset_nRF24L01_Status_and_nRF24L01_Payloads
 .text.Start_RX_Mode_nRF24L01
                0x1a001134      0x18c ./src/UPC_nRF24L01.o
                0x1a001134                Start_RX_Mode_nRF24L01
 .text.Receive_Data_RX_Mode_nRF24L01
                0x1a0012c0      0x128 ./src/UPC_nRF24L01.o
                0x1a0012c0                Receive_Data_RX_Mode_nRF24L01
 .text.dataReady
                0x1a0013e8       0x28 ./src/UPC_nRF24L01.o
                0x1a0013e8                dataReady
 .text.delay    0x1a001410       0x2c ./src/UPC_nRF24L01.o
                0x1a001410                delay
 .text.CE_HIGH  0x1a00143c       0x18 ./src/UPC_nRF24L01.o
                0x1a00143c                CE_HIGH
 .text.CE_LOW   0x1a001454       0x18 ./src/UPC_nRF24L01.o
                0x1a001454                CE_LOW
 .text.CSN_HIGH
                0x1a00146c       0x24 ./src/UPC_nRF24L01.o
                0x1a00146c                CSN_HIGH
 .text.CSN_LOW  0x1a001490       0x1c ./src/UPC_nRF24L01.o
                0x1a001490                CSN_LOW
 .text.GPIO0_IRQHandler
                0x1a0014ac       0x1c ./src/UPC_nRF24L01.o
                0x1a0014ac                GPIO0_IRQHandler
 .text.Last_Values_App
                0x1a0014c8      0x218 ./src/WorkApp.o
                0x1a0014c8                Last_Values_App
 .text.Repeat_Values
                0x1a0016e0       0x3c ./src/WorkApp.o
                0x1a0016e0                Repeat_Values
 .text.Return_Pointer
                0x1a00171c       0x4c ./src/WorkApp.o
                0x1a00171c                Return_Pointer
 .text.NVIC_SetPriority
                0x1a001768       0x54 ./src/WorkSD.o
 .text.SysTick_Config
                0x1a0017bc       0x44 ./src/WorkSD.o
 .text.Chip_SCU_PinMuxSet
                0x1a001800       0x34 ./src/WorkSD.o
 .text.Chip_SCU_PinMux
                0x1a001834       0x3c ./src/WorkSD.o
 .text.Chip_GPIO_SetPinDIROutput
                0x1a001870       0x40 ./src/WorkSD.o
 .text.Chip_GPIO_SetPinOutHigh
                0x1a0018b0       0x34 ./src/WorkSD.o
 .text.Chip_GPIO_SetPinOutLow
                0x1a0018e4       0x34 ./src/WorkSD.o
 .text.Chip_SSP_Enable
                0x1a001918       0x20 ./src/WorkSD.o
 .text.initHardwareSD
                0x1a001938       0x9c ./src/WorkSD.o
                0x1a001938                initHardwareSD
 .text.SysTick_Handler
                0x1a0019d4       0x28 ./src/WorkSD.o
                0x1a0019d4                SysTick_Handler
 .text.Open_Write_SD
                0x1a0019fc       0xac ./src/WorkSD.o
                0x1a0019fc                Open_Write_SD
 .text.Write_MeasurementsSD
                0x1a001aa8      0x1f0 ./src/WorkSD.o
                0x1a001aa8                Write_MeasurementsSD
 .text.Chip_SCU_ADC_Channel_Config
                0x1a001c98       0x40 ./src/Work_ADC.o
 .text.InicializarAdc
                0x1a001cd8       0x88 ./src/Work_ADC.o
                0x1a001cd8                InicializarAdc
 .text.AdcPolling
                0x1a001d60       0x50 ./src/Work_ADC.o
                0x1a001d60                AdcPolling
 .text.NVIC_EnableIRQ
                0x1a001db0       0x34 ./src/Work_Bluetooth.o
 .text.Chip_SCU_PinMuxSet
                0x1a001de4       0x34 ./src/Work_Bluetooth.o
 .text.Chip_UART_TXEnable
                0x1a001e18       0x1c ./src/Work_Bluetooth.o
 .text.Chip_UART_SendByte
                0x1a001e34       0x20 ./src/Work_Bluetooth.o
 .text.Chip_UART_ReadByte
                0x1a001e54       0x1c ./src/Work_Bluetooth.o
 .text.Chip_UART_IntEnable
                0x1a001e70       0x24 ./src/Work_Bluetooth.o
 .text.Chip_UART_ReadLineStatus
                0x1a001e94       0x18 ./src/Work_Bluetooth.o
 .text.Bluetooth_Init
                0x1a001eac       0x44 ./src/Work_Bluetooth.o
                0x1a001eac                Bluetooth_Init
 .text.Bluetooth_GetData1
                0x1a001ef0       0x44 ./src/Work_Bluetooth.o
                0x1a001ef0                Bluetooth_GetData1
 .text.Bluetooth_GetData2
                0x1a001f34       0x44 ./src/Work_Bluetooth.o
                0x1a001f34                Bluetooth_GetData2
 .text.UART2_IRQHandler
                0x1a001f78      0x3ac ./src/Work_Bluetooth.o
                0x1a001f78                UART2_IRQHandler
 .text.Ref_Level_App
                0x1a002324       0x20 ./src/Work_Bomba.o
                0x1a002324                Ref_Level_App
 .text.ResetISR
                0x1a002344       0xc4 ./src/cr_startup_lpc43xx.o
                0x1a002344                ResetISR
 .text.ld_word  0x1a002408       0x30 ./src/ff.o
 .text.ld_dword
                0x1a002438       0x48 ./src/ff.o
 .text.st_word  0x1a002480       0x38 ./src/ff.o
 .text.st_dword
                0x1a0024b8       0x58 ./src/ff.o
 .text.mem_cpy  0x1a002510       0x44 ./src/ff.o
 .text.mem_set  0x1a002554       0x34 ./src/ff.o
 .text.mem_cmp  0x1a002588       0x50 ./src/ff.o
 .text.chk_chr  0x1a0025d8       0x38 ./src/ff.o
 .text.sync_window
                0x1a002610       0x88 ./src/ff.o
 .text.move_window
                0x1a002698       0x5c ./src/ff.o
 .text.sync_fs  0x1a0026f4       0xdc ./src/ff.o
 .text.clust2sect
                0x1a0027d0       0x40 ./src/ff.o
 .text.get_fat  0x1a002810      0x14c ./src/ff.o
 .text.put_fat  0x1a00295c      0x1d0 ./src/ff.o
 .text.remove_chain
                0x1a002b2c       0xc8 ./src/ff.o
 .text.create_chain
                0x1a002bf4      0x130 ./src/ff.o
 .text.dir_sdi  0x1a002d24       0xf8 ./src/ff.o
 .text.dir_next
                0x1a002e1c      0x18c ./src/ff.o
 .text.dir_alloc
                0x1a002fa8       0x90 ./src/ff.o
 .text.ld_clust
                0x1a003038       0x40 ./src/ff.o
 .text.st_clust
                0x1a003078       0x40 ./src/ff.o
 .text.dir_find
                0x1a0030b8       0xac ./src/ff.o
 .text.dir_register
                0x1a003164       0x64 ./src/ff.o
 .text.create_name
                0x1a0031c8      0x11c ./src/ff.o
 .text.follow_path
                0x1a0032e4       0xe4 ./src/ff.o
 .text.get_ldnumber
                0x1a0033c8       0x88 ./src/ff.o
 .text.check_fs
                0x1a003450       0xac ./src/ff.o
 .text.find_volume
                0x1a0034fc      0x494 ./src/ff.o
 .text.validate
                0x1a003990       0x6c ./src/ff.o
 .text.f_mount  0x1a0039fc       0x88 ./src/ff.o
                0x1a0039fc                f_mount
 .text.f_open   0x1a003a84      0x314 ./src/ff.o
                0x1a003a84                f_open
 .text.f_write  0x1a003d98      0x2d0 ./src/ff.o
                0x1a003d98                f_write
 .text.f_sync   0x1a004068       0xfc ./src/ff.o
                0x1a004068                f_sync
 .text.f_close  0x1a004164       0x40 ./src/ff.o
                0x1a004164                f_close
 .text.lcd_init_port
                0x1a0041a4       0x50 ./src/lcd.o
                0x1a0041a4                lcd_init_port
 .text.lcd_init
                0x1a0041f4      0x294 ./src/lcd.o
                0x1a0041f4                lcd_init
 .text.lcd_gotoxy
                0x1a004488       0xe0 ./src/lcd.o
                0x1a004488                lcd_gotoxy
 .text.lcd_putc
                0x1a004568      0x138 ./src/lcd.o
                0x1a004568                lcd_putc
 .text.enviar_lcd
                0x1a0046a0       0xd8 ./src/lcd.o
                0x1a0046a0                enviar_lcd
 .text.printf_lcd
                0x1a004778       0x38 ./src/lcd.o
                0x1a004778                printf_lcd
 .text.Chip_GPIO_GetPinState
                0x1a0047b0       0x38 ./src/mmc.o
 .text.SSPSend  0x1a0047e8       0x38 ./src/mmc.o
 .text.SSPReceive
                0x1a004820       0x38 ./src/mmc.o
                0x1a004820                SSPReceive
 .text.xmit_spi
                0x1a004858       0x1c ./src/mmc.o
 .text.rcvr_spi
                0x1a004874       0x20 ./src/mmc.o
 .text.wait_ready
                0x1a004894       0x38 ./src/mmc.o
 .text.deselect
                0x1a0048cc        0xc ./src/mmc.o
 .text.select_  0x1a0048d8       0x1c ./src/mmc.o
 .text.power_on
                0x1a0048f4       0x10 ./src/mmc.o
                0x1a0048f4                power_on
 .text.power_off
                0x1a004904       0x10 ./src/mmc.o
                0x1a004904                power_off
 .text.chk_power
                0x1a004914       0x10 ./src/mmc.o
 .text.rcvr_datablock
                0x1a004924       0x8c ./src/mmc.o
 .text.xmit_datablock
                0x1a0049b0       0x80 ./src/mmc.o
 .text.send_cmd
                0x1a004a30       0xd4 ./src/mmc.o
 .text.disk_initialize
                0x1a004b04      0x1a8 ./src/mmc.o
                0x1a004b04                disk_initialize
 .text.disk_status
                0x1a004cac       0x2c ./src/mmc.o
                0x1a004cac                disk_status
 .text.disk_read
                0x1a004cd8       0xd4 ./src/mmc.o
                0x1a004cd8                disk_read
 .text.disk_write
                0x1a004dac      0x104 ./src/mmc.o
                0x1a004dac                disk_write
 .text.disk_ioctl
                0x1a004eb0      0x39c ./src/mmc.o
                0x1a004eb0                disk_ioctl
 .text.disk_timerproc
                0x1a00524c       0x9c ./src/mmc.o
                0x1a00524c                disk_timerproc
 .text.Chip_SCU_PinMuxSet
                0x1a0052e8       0x34 ./src/puertos.o
 .text.Chip_SCU_PinMux
                0x1a00531c       0x3c ./src/puertos.o
 .text.Chip_GPIO_ReadPortBit
                0x1a005358       0x34 ./src/puertos.o
 .text.Chip_GPIO_SetPinDIROutput
                0x1a00538c       0x40 ./src/puertos.o
 .text.Chip_GPIO_SetPinDIRInput
                0x1a0053cc       0x40 ./src/puertos.o
 .text.Chip_GPIO_SetPinDIR
                0x1a00540c       0x44 ./src/puertos.o
 .text.Chip_GPIO_SetPinOutHigh
                0x1a005450       0x34 ./src/puertos.o
 .text.Chip_GPIO_SetPinOutLow
                0x1a005484       0x34 ./src/puertos.o
 .text.port_pin
                0x1a0054b8     0x1920 ./src/puertos.o
                0x1a0054b8                port_pin
 .text.rtc_init
                0x1a006dd8       0x1c ./src/rtc.o
                0x1a006dd8                rtc_init
 .text.rtc_get_parametro
                0x1a006df4       0x30 ./src/rtc.o
                0x1a006df4                rtc_get_parametro
 .text.Chip_SCU_PinMuxSet
                0x1a006e24       0x34 ./src/sapi_spi.o
 .text.Chip_SSP_Enable
                0x1a006e58       0x20 ./src/sapi_spi.o
 .text.SPIbegin
                0x1a006e78       0x54 ./src/sapi_spi.o
                0x1a006e78                SPIbegin
 .text.SPITransfer
                0x1a006ecc       0x50 ./src/sapi_spi.o
                0x1a006ecc                SPITransfer
 .text.NVIC_ClearPendingIRQ
                0x1a006f1c       0x34 ./src/sase2018.o
 .text.Chip_SCU_PinMuxSet
                0x1a006f50       0x34 ./src/sase2018.o
 .text.Chip_SCU_PinMux
                0x1a006f84       0x3c ./src/sase2018.o
 .text.Chip_GPIO_SetPinDIROutput
                0x1a006fc0       0x40 ./src/sase2018.o
 .text.Chip_GPIO_SetPinOutHigh
                0x1a007000       0x34 ./src/sase2018.o
 .text.Chip_RIT_ClearInt
                0x1a007034       0x20 ./src/sase2018.o
 .text.RIT_IRQHandler
                0x1a007054       0x48 ./src/sase2018.o
                0x1a007054                RIT_IRQHandler
 .text.main     0x1a00709c      0x644 ./src/sase2018.o
                0x1a00709c                main
 .text.SystemInit
                0x1a0076e0       0x28 ./src/sysinit.o
                0x1a0076e0                SystemInit
 .text.getFullConvClk
                0x1a007708       0x10 C:\Users\samu_\Documents\MCUXpressoIDE_10.0.0_344\workspace\lpc_chip_43xx\Debug\liblpc_chip_43xx.a(adc_18xx_43xx.o)
 .text.Chip_ADC_GetClockIndex
                0x1a007718       0x2c C:\Users\samu_\Documents\MCUXpressoIDE_10.0.0_344\workspace\lpc_chip_43xx\Debug\liblpc_chip_43xx.a(adc_18xx_43xx.o)
 .text.getClkDiv
                0x1a007744       0x68 C:\Users\samu_\Documents\MCUXpressoIDE_10.0.0_344\workspace\lpc_chip_43xx\Debug\liblpc_chip_43xx.a(adc_18xx_43xx.o)
 .text.setStartMode
                0x1a0077ac       0x30 C:\Users\samu_\Documents\MCUXpressoIDE_10.0.0_344\workspace\lpc_chip_43xx\Debug\liblpc_chip_43xx.a(adc_18xx_43xx.o)
                0x1a0077ac                setStartMode
 .text.readAdcVal
                0x1a0077dc       0x44 C:\Users\samu_\Documents\MCUXpressoIDE_10.0.0_344\workspace\lpc_chip_43xx\Debug\liblpc_chip_43xx.a(adc_18xx_43xx.o)
                0x1a0077dc                readAdcVal
 .text.Chip_ADC_Init
                0x1a007820       0x88 C:\Users\samu_\Documents\MCUXpressoIDE_10.0.0_344\workspace\lpc_chip_43xx\Debug\liblpc_chip_43xx.a(adc_18xx_43xx.o)
                0x1a007820                Chip_ADC_Init
 .text.Chip_ADC_ReadValue
                0x1a0078a8       0x24 C:\Users\samu_\Documents\MCUXpressoIDE_10.0.0_344\workspace\lpc_chip_43xx\Debug\liblpc_chip_43xx.a(adc_18xx_43xx.o)
                0x1a0078a8                Chip_ADC_ReadValue
 .text.Chip_ADC_ReadStatus
                0x1a0078cc       0x78 C:\Users\samu_\Documents\MCUXpressoIDE_10.0.0_344\workspace\lpc_chip_43xx\Debug\liblpc_chip_43xx.a(adc_18xx_43xx.o)
                0x1a0078cc                Chip_ADC_ReadStatus
 .text.Chip_ADC_SetStartMode
                0x1a007944       0x50 C:\Users\samu_\Documents\MCUXpressoIDE_10.0.0_344\workspace\lpc_chip_43xx\Debug\liblpc_chip_43xx.a(adc_18xx_43xx.o)
                0x1a007944                Chip_ADC_SetStartMode
 .text.Chip_ADC_EnableChannel
                0x1a007994       0x58 C:\Users\samu_\Documents\MCUXpressoIDE_10.0.0_344\workspace\lpc_chip_43xx\Debug\liblpc_chip_43xx.a(adc_18xx_43xx.o)
                0x1a007994                Chip_ADC_EnableChannel
 .text.SystemCoreClockUpdate
                0x1a0079ec       0x18 C:\Users\samu_\Documents\MCUXpressoIDE_10.0.0_344\workspace\lpc_chip_43xx\Debug\liblpc_chip_43xx.a(chip_18xx_43xx.o)
                0x1a0079ec                SystemCoreClockUpdate
 .text.ABS      0x1a007a04       0x24 C:\Users\samu_\Documents\MCUXpressoIDE_10.0.0_344\workspace\lpc_chip_43xx\Debug\liblpc_chip_43xx.a(clock_18xx_43xx.o)
 .text.pll_calc_divs
                0x1a007a28      0x124 C:\Users\samu_\Documents\MCUXpressoIDE_10.0.0_344\workspace\lpc_chip_43xx\Debug\liblpc_chip_43xx.a(clock_18xx_43xx.o)
 .text.pll_get_frac
                0x1a007b4c      0x178 C:\Users\samu_\Documents\MCUXpressoIDE_10.0.0_344\workspace\lpc_chip_43xx\Debug\liblpc_chip_43xx.a(clock_18xx_43xx.o)
 .text.Chip_Clock_GetDivRate
                0x1a007cc4       0x40 C:\Users\samu_\Documents\MCUXpressoIDE_10.0.0_344\workspace\lpc_chip_43xx\Debug\liblpc_chip_43xx.a(clock_18xx_43xx.o)
 .text.Chip_Clock_FindBaseClock
                0x1a007d04       0x90 C:\Users\samu_\Documents\MCUXpressoIDE_10.0.0_344\workspace\lpc_chip_43xx\Debug\liblpc_chip_43xx.a(clock_18xx_43xx.o)
 .text.Chip_Clock_EnableCrystal
                0x1a007d94       0x70 C:\Users\samu_\Documents\MCUXpressoIDE_10.0.0_344\workspace\lpc_chip_43xx\Debug\liblpc_chip_43xx.a(clock_18xx_43xx.o)
                0x1a007d94                Chip_Clock_EnableCrystal
 .text.Chip_Clock_CalcMainPLLValue
                0x1a007e04       0xd8 C:\Users\samu_\Documents\MCUXpressoIDE_10.0.0_344\workspace\lpc_chip_43xx\Debug\liblpc_chip_43xx.a(clock_18xx_43xx.o)
                0x1a007e04                Chip_Clock_CalcMainPLLValue
 .text.Chip_Clock_GetMainPLLHz
                0x1a007edc       0xc0 C:\Users\samu_\Documents\MCUXpressoIDE_10.0.0_344\workspace\lpc_chip_43xx\Debug\liblpc_chip_43xx.a(clock_18xx_43xx.o)
                0x1a007edc                Chip_Clock_GetMainPLLHz
 .text.Chip_Clock_GetDividerSource
                0x1a007f9c       0x40 C:\Users\samu_\Documents\MCUXpressoIDE_10.0.0_344\workspace\lpc_chip_43xx\Debug\liblpc_chip_43xx.a(clock_18xx_43xx.o)
                0x1a007f9c                Chip_Clock_GetDividerSource
 .text.Chip_Clock_GetDividerDivisor
                0x1a007fdc       0x38 C:\Users\samu_\Documents\MCUXpressoIDE_10.0.0_344\workspace\lpc_chip_43xx\Debug\liblpc_chip_43xx.a(clock_18xx_43xx.o)
                0x1a007fdc                Chip_Clock_GetDividerDivisor
 .text.Chip_Clock_GetClockInputHz
                0x1a008014      0x140 C:\Users\samu_\Documents\MCUXpressoIDE_10.0.0_344\workspace\lpc_chip_43xx\Debug\liblpc_chip_43xx.a(clock_18xx_43xx.o)
                0x1a008014                Chip_Clock_GetClockInputHz
 .text.Chip_Clock_GetBaseClocktHz
                0x1a008154       0x24 C:\Users\samu_\Documents\MCUXpressoIDE_10.0.0_344\workspace\lpc_chip_43xx\Debug\liblpc_chip_43xx.a(clock_18xx_43xx.o)
                0x1a008154                Chip_Clock_GetBaseClocktHz
 .text.Chip_Clock_SetBaseClock
                0x1a008178       0x9c C:\Users\samu_\Documents\MCUXpressoIDE_10.0.0_344\workspace\lpc_chip_43xx\Debug\liblpc_chip_43xx.a(clock_18xx_43xx.o)
                0x1a008178                Chip_Clock_SetBaseClock
 .text.Chip_Clock_GetBaseClock
                0x1a008214       0x4c C:\Users\samu_\Documents\MCUXpressoIDE_10.0.0_344\workspace\lpc_chip_43xx\Debug\liblpc_chip_43xx.a(clock_18xx_43xx.o)
                0x1a008214                Chip_Clock_GetBaseClock
 .text.Chip_Clock_EnableOpts
                0x1a008260       0x7c C:\Users\samu_\Documents\MCUXpressoIDE_10.0.0_344\workspace\lpc_chip_43xx\Debug\liblpc_chip_43xx.a(clock_18xx_43xx.o)
                0x1a008260                Chip_Clock_EnableOpts
 .text.Chip_Clock_Enable
                0x1a0082dc       0x60 C:\Users\samu_\Documents\MCUXpressoIDE_10.0.0_344\workspace\lpc_chip_43xx\Debug\liblpc_chip_43xx.a(clock_18xx_43xx.o)
                0x1a0082dc                Chip_Clock_Enable
 .text.Chip_Clock_RTCEnable
                0x1a00833c       0x2c C:\Users\samu_\Documents\MCUXpressoIDE_10.0.0_344\workspace\lpc_chip_43xx\Debug\liblpc_chip_43xx.a(clock_18xx_43xx.o)
                0x1a00833c                Chip_Clock_RTCEnable
 .text.Chip_Clock_GetRate
                0x1a008368       0x88 C:\Users\samu_\Documents\MCUXpressoIDE_10.0.0_344\workspace\lpc_chip_43xx\Debug\liblpc_chip_43xx.a(clock_18xx_43xx.o)
                0x1a008368                Chip_Clock_GetRate
 .text.fpuInit  0x1a0083f0       0x74 C:\Users\samu_\Documents\MCUXpressoIDE_10.0.0_344\workspace\lpc_chip_43xx\Debug\liblpc_chip_43xx.a(fpu_init.o)
                0x1a0083f0                fpuInit
 .text.Chip_GPIO_Init
                0x1a008464       0x14 C:\Users\samu_\Documents\MCUXpressoIDE_10.0.0_344\workspace\lpc_chip_43xx\Debug\liblpc_chip_43xx.a(gpio_18xx_43xx.o)
                0x1a008464                Chip_GPIO_Init
 .text.Chip_RTC_Init
                0x1a008478       0x64 C:\Users\samu_\Documents\MCUXpressoIDE_10.0.0_344\workspace\lpc_chip_43xx\Debug\liblpc_chip_43xx.a(rtc_18xx_43xx.o)
                0x1a008478                Chip_RTC_Init
 .text.Chip_RTC_ResetClockTickCounter
                0x1a0084dc       0x48 C:\Users\samu_\Documents\MCUXpressoIDE_10.0.0_344\workspace\lpc_chip_43xx\Debug\liblpc_chip_43xx.a(rtc_18xx_43xx.o)
                0x1a0084dc                Chip_RTC_ResetClockTickCounter
 .text.Chip_RTC_Enable
                0x1a008524       0x38 C:\Users\samu_\Documents\MCUXpressoIDE_10.0.0_344\workspace\lpc_chip_43xx\Debug\liblpc_chip_43xx.a(rtc_18xx_43xx.o)
                0x1a008524                Chip_RTC_Enable
 .text.Chip_RTC_GetFullTime
                0x1a00855c       0x58 C:\Users\samu_\Documents\MCUXpressoIDE_10.0.0_344\workspace\lpc_chip_43xx\Debug\liblpc_chip_43xx.a(rtc_18xx_43xx.o)
                0x1a00855c                Chip_RTC_GetFullTime
 .text.Chip_RTC_CalibCounterCmd
                0x1a0085b4       0x44 C:\Users\samu_\Documents\MCUXpressoIDE_10.0.0_344\workspace\lpc_chip_43xx\Debug\liblpc_chip_43xx.a(rtc_18xx_43xx.o)
                0x1a0085b4                Chip_RTC_CalibCounterCmd
 .text.Chip_SSP_GetStatus
                0x1a0085f8       0x2c C:\Users\samu_\Documents\MCUXpressoIDE_10.0.0_344\workspace\lpc_chip_43xx\Debug\liblpc_chip_43xx.a(ssp_18xx_43xx.o)
 .text.Chip_SSP_GetRawIntStatus
                0x1a008624       0x2c C:\Users\samu_\Documents\MCUXpressoIDE_10.0.0_344\workspace\lpc_chip_43xx\Debug\liblpc_chip_43xx.a(ssp_18xx_43xx.o)
 .text.Chip_SSP_GetDataSize
                0x1a008650       0x20 C:\Users\samu_\Documents\MCUXpressoIDE_10.0.0_344\workspace\lpc_chip_43xx\Debug\liblpc_chip_43xx.a(ssp_18xx_43xx.o)
 .text.Chip_SSP_ClearIntPending
                0x1a008670       0x20 C:\Users\samu_\Documents\MCUXpressoIDE_10.0.0_344\workspace\lpc_chip_43xx\Debug\liblpc_chip_43xx.a(ssp_18xx_43xx.o)
 .text.Chip_SSP_ReceiveFrame
                0x1a008690       0x1c C:\Users\samu_\Documents\MCUXpressoIDE_10.0.0_344\workspace\lpc_chip_43xx\Debug\liblpc_chip_43xx.a(ssp_18xx_43xx.o)
 .text.Chip_SSP_SendFrame
                0x1a0086ac       0x20 C:\Users\samu_\Documents\MCUXpressoIDE_10.0.0_344\workspace\lpc_chip_43xx\Debug\liblpc_chip_43xx.a(ssp_18xx_43xx.o)
 .text.Chip_SSP_SetFormat
                0x1a0086cc       0x34 C:\Users\samu_\Documents\MCUXpressoIDE_10.0.0_344\workspace\lpc_chip_43xx\Debug\liblpc_chip_43xx.a(ssp_18xx_43xx.o)
 .text.Chip_SSP_Set_Mode
                0x1a008700       0x28 C:\Users\samu_\Documents\MCUXpressoIDE_10.0.0_344\workspace\lpc_chip_43xx\Debug\liblpc_chip_43xx.a(ssp_18xx_43xx.o)
 .text.SSP_Write2BFifo
                0x1a008728       0x48 C:\Users\samu_\Documents\MCUXpressoIDE_10.0.0_344\workspace\lpc_chip_43xx\Debug\liblpc_chip_43xx.a(ssp_18xx_43xx.o)
 .text.SSP_Write1BFifo
                0x1a008770       0x48 C:\Users\samu_\Documents\MCUXpressoIDE_10.0.0_344\workspace\lpc_chip_43xx\Debug\liblpc_chip_43xx.a(ssp_18xx_43xx.o)
 .text.SSP_Read2BFifo
                0x1a0087b8       0x5c C:\Users\samu_\Documents\MCUXpressoIDE_10.0.0_344\workspace\lpc_chip_43xx\Debug\liblpc_chip_43xx.a(ssp_18xx_43xx.o)
 .text.SSP_Read1BFifo
                0x1a008814       0x5c C:\Users\samu_\Documents\MCUXpressoIDE_10.0.0_344\workspace\lpc_chip_43xx\Debug\liblpc_chip_43xx.a(ssp_18xx_43xx.o)
 .text.Chip_SSP_GetClockIndex
                0x1a008870       0x2c C:\Users\samu_\Documents\MCUXpressoIDE_10.0.0_344\workspace\lpc_chip_43xx\Debug\liblpc_chip_43xx.a(ssp_18xx_43xx.o)
 .text.Chip_SSP_GetPeriphClockIndex
                0x1a00889c       0x30 C:\Users\samu_\Documents\MCUXpressoIDE_10.0.0_344\workspace\lpc_chip_43xx\Debug\liblpc_chip_43xx.a(ssp_18xx_43xx.o)
 .text.Chip_SSP_SetClockRate
                0x1a0088cc       0x38 C:\Users\samu_\Documents\MCUXpressoIDE_10.0.0_344\workspace\lpc_chip_43xx\Debug\liblpc_chip_43xx.a(ssp_18xx_43xx.o)
                0x1a0088cc                Chip_SSP_SetClockRate
 .text.Chip_SSP_RWFrames_Blocking
                0x1a008904      0x108 C:\Users\samu_\Documents\MCUXpressoIDE_10.0.0_344\workspace\lpc_chip_43xx\Debug\liblpc_chip_43xx.a(ssp_18xx_43xx.o)
                0x1a008904                Chip_SSP_RWFrames_Blocking
 .text.Chip_SSP_SetBitRate
                0x1a008a0c       0x74 C:\Users\samu_\Documents\MCUXpressoIDE_10.0.0_344\workspace\lpc_chip_43xx\Debug\liblpc_chip_43xx.a(ssp_18xx_43xx.o)
                0x1a008a0c                Chip_SSP_SetBitRate
 .text.Chip_SSP_Init
                0x1a008a80       0x4c C:\Users\samu_\Documents\MCUXpressoIDE_10.0.0_344\workspace\lpc_chip_43xx\Debug\liblpc_chip_43xx.a(ssp_18xx_43xx.o)
                0x1a008a80                Chip_SSP_Init
 .text.Chip_Clock_DisableMainPLL
                0x1a008acc       0x20 C:\Users\samu_\Documents\MCUXpressoIDE_10.0.0_344\workspace\lpc_chip_43xx\Debug\liblpc_chip_43xx.a(sysinit_18xx_43xx.o)
 .text.Chip_Clock_SetupMainPLL
                0x1a008aec       0x44 C:\Users\samu_\Documents\MCUXpressoIDE_10.0.0_344\workspace\lpc_chip_43xx\Debug\liblpc_chip_43xx.a(sysinit_18xx_43xx.o)
 .text.Chip_Clock_MainPLLLocked
                0x1a008b30       0x24 C:\Users\samu_\Documents\MCUXpressoIDE_10.0.0_344\workspace\lpc_chip_43xx\Debug\liblpc_chip_43xx.a(sysinit_18xx_43xx.o)
 .text.Chip_SetupCoreClock
                0x1a008b54      0x15c C:\Users\samu_\Documents\MCUXpressoIDE_10.0.0_344\workspace\lpc_chip_43xx\Debug\liblpc_chip_43xx.a(sysinit_18xx_43xx.o)
                0x1a008b54                Chip_SetupCoreClock
 .text.Chip_SetupIrcClocking
                0x1a008cb0       0x18 C:\Users\samu_\Documents\MCUXpressoIDE_10.0.0_344\workspace\lpc_chip_43xx\Debug\liblpc_chip_43xx.a(sysinit_18xx_43xx.o)
                0x1a008cb0                Chip_SetupIrcClocking
 .text.Chip_SystemInit
                0x1a008cc8        0xc C:\Users\samu_\Documents\MCUXpressoIDE_10.0.0_344\workspace\lpc_chip_43xx\Debug\liblpc_chip_43xx.a(sysinit_18xx_43xx.o)
                0x1a008cc8                Chip_SystemInit
 .text.Chip_UART_TXDisable
                0x1a008cd4       0x1c C:\Users\samu_\Documents\MCUXpressoIDE_10.0.0_344\workspace\lpc_chip_43xx\Debug\liblpc_chip_43xx.a(uart_18xx_43xx.o)
 .text.Chip_UART_SetupFIFOS
                0x1a008cf0       0x1c C:\Users\samu_\Documents\MCUXpressoIDE_10.0.0_344\workspace\lpc_chip_43xx\Debug\liblpc_chip_43xx.a(uart_18xx_43xx.o)
 .text.Chip_UART_ConfigData
                0x1a008d0c       0x1c C:\Users\samu_\Documents\MCUXpressoIDE_10.0.0_344\workspace\lpc_chip_43xx\Debug\liblpc_chip_43xx.a(uart_18xx_43xx.o)
 .text.Chip_UART_EnableDivisorAccess
                0x1a008d28       0x20 C:\Users\samu_\Documents\MCUXpressoIDE_10.0.0_344\workspace\lpc_chip_43xx\Debug\liblpc_chip_43xx.a(uart_18xx_43xx.o)
 .text.Chip_UART_DisableDivisorAccess
                0x1a008d48       0x20 C:\Users\samu_\Documents\MCUXpressoIDE_10.0.0_344\workspace\lpc_chip_43xx\Debug\liblpc_chip_43xx.a(uart_18xx_43xx.o)
 .text.Chip_UART_SetDivisorLatches
                0x1a008d68       0x28 C:\Users\samu_\Documents\MCUXpressoIDE_10.0.0_344\workspace\lpc_chip_43xx\Debug\liblpc_chip_43xx.a(uart_18xx_43xx.o)
 .text.Chip_UART_GetIndex
                0x1a008d90       0x60 C:\Users\samu_\Documents\MCUXpressoIDE_10.0.0_344\workspace\lpc_chip_43xx\Debug\liblpc_chip_43xx.a(uart_18xx_43xx.o)
 .text.Chip_UART_Init
                0x1a008df0       0x84 C:\Users\samu_\Documents\MCUXpressoIDE_10.0.0_344\workspace\lpc_chip_43xx\Debug\liblpc_chip_43xx.a(uart_18xx_43xx.o)
                0x1a008df0                Chip_UART_Init
 .text.Chip_UART_SetBaud
                0x1a008e74       0x6c C:\Users\samu_\Documents\MCUXpressoIDE_10.0.0_344\workspace\lpc_chip_43xx\Debug\liblpc_chip_43xx.a(uart_18xx_43xx.o)
                0x1a008e74                Chip_UART_SetBaud
 .text.memset   0x1a008ee0        0x4 c:/nxp/mcuxpressoide_10.0.0_344/ide/tools/bin/../lib/gcc/arm-none-eabi/5.4.1/../../../../arm-none-eabi/lib/armv7e-m/softfp\libcr_c.a(memset.o)
                0x1a008ee0                memset
 .text.__weak_main
                0x1a008ee4        0x4 c:/nxp/mcuxpressoide_10.0.0_344/ide/tools/bin/../lib/gcc/arm-none-eabi/5.4.1/../../../../arm-none-eabi/lib/armv7e-m/softfp\libcr_c.a(__weak__main.o)
                0x1a008ee4                __weak_main
                0x1a008ee4                __main
 .text.itoa     0x1a008ee8       0x5c c:/nxp/mcuxpressoide_10.0.0_344/ide/tools/bin/../lib/gcc/arm-none-eabi/5.4.1/../../../../arm-none-eabi/lib/armv7e-m/softfp\libcr_c.a(itoa.o)
                0x1a008ee8                itoa
 .text.strcat   0x1a008f44       0x1e c:/nxp/mcuxpressoide_10.0.0_344/ide/tools/bin/../lib/gcc/arm-none-eabi/5.4.1/../../../../arm-none-eabi/lib/armv7e-m/softfp\libcr_c.a(strcat.o)
                0x1a008f44                strcat
 .text.strcpy   0x1a008f62       0x42 c:/nxp/mcuxpressoide_10.0.0_344/ide/tools/bin/../lib/gcc/arm-none-eabi/5.4.1/../../../../arm-none-eabi/lib/armv7e-m/softfp\libcr_c.a(strcpy.o)
                0x1a008f62                strcpy
 .text.strlen   0x1a008fa4       0x4a c:/nxp/mcuxpressoide_10.0.0_344/ide/tools/bin/../lib/gcc/arm-none-eabi/5.4.1/../../../../arm-none-eabi/lib/armv7e-m/softfp\libcr_c.a(strlen.o)
                0x1a008fa4                strlen
 .text.__aeabi_memset_lowlevel
                0x1a008fee       0x32 c:/nxp/mcuxpressoide_10.0.0_344/ide/tools/bin/../lib/gcc/arm-none-eabi/5.4.1/armv7e-m/softfp\libcr_eabihelpers.a(memcpy.o)
                0x1a008fee                __aeabi_lowlevel_memset
 *(.rodata .rodata.* .constdata .constdata.*)
 .rodata        0x1a009020      0x141 ./src/ESP8266.o
 *fill*         0x1a009161        0x3 ff
 .rodata        0x1a009164       0x4e ./src/WorkSD.o
 *fill*         0x1a0091b2        0x2 ff
 .rodata        0x1a0091b4        0xf ./src/ff.o
 *fill*         0x1a0091c3        0x1 ff
 .rodata        0x1a0091c4      0x175 ./src/sase2018.o
 *fill*         0x1a009339        0x3 ff
 .rodata.ExtRateIn
                0x1a00933c        0x4 ./src/sysinit.o
                0x1a00933c                ExtRateIn
 .rodata.OscRateIn
                0x1a009340        0x4 ./src/sysinit.o
                0x1a009340                OscRateIn
 .rodata.periph_to_base
                0x1a009344       0x6c C:\Users\samu_\Documents\MCUXpressoIDE_10.0.0_344\workspace\lpc_chip_43xx\Debug\liblpc_chip_43xx.a(clock_18xx_43xx.o)
 .rodata        0x1a0093b0        0xa C:\Users\samu_\Documents\MCUXpressoIDE_10.0.0_344\workspace\lpc_chip_43xx\Debug\liblpc_chip_43xx.a(clock_18xx_43xx.o)
 *fill*         0x1a0093ba        0x2 ff
 .rodata.InitClkStates
                0x1a0093bc       0x48 C:\Users\samu_\Documents\MCUXpressoIDE_10.0.0_344\workspace\lpc_chip_43xx\Debug\liblpc_chip_43xx.a(sysinit_18xx_43xx.o)
 .rodata.UART_PClock
                0x1a009404        0x8 C:\Users\samu_\Documents\MCUXpressoIDE_10.0.0_344\workspace\lpc_chip_43xx\Debug\liblpc_chip_43xx.a(uart_18xx_43xx.o)
 .rodata.UART_BClock
                0x1a00940c        0x8 C:\Users\samu_\Documents\MCUXpressoIDE_10.0.0_344\workspace\lpc_chip_43xx\Debug\liblpc_chip_43xx.a(uart_18xx_43xx.o)
 .rodata.digits
                0x1a009414       0x11 c:/nxp/mcuxpressoide_10.0.0_344/ide/tools/bin/../lib/gcc/arm-none-eabi/5.4.1/../../../../arm-none-eabi/lib/armv7e-m/softfp\libcr_c.a(itoa.o)
                0x1a009428                . = ALIGN (0x4)
 *fill*         0x1a009425        0x3 ff

.glue_7         0x1a009428        0x0
 .glue_7        0x1a009428        0x0 linker stubs

.glue_7t        0x1a009428        0x0
 .glue_7t       0x1a009428        0x0 linker stubs

.vfp11_veneer   0x1a009428        0x0
 .vfp11_veneer  0x1a009428        0x0 linker stubs

.v4_bx          0x1a009428        0x0
 .v4_bx         0x1a009428        0x0 linker stubs

.iplt           0x1a009428        0x0
 .iplt          0x1a009428        0x0 ./src/ESP8266.o

.rel.dyn        0x1a009428        0x0
 .rel.iplt      0x1a009428        0x0 ./src/ESP8266.o

.ARM.extab
 *(.ARM.extab* .gnu.linkonce.armextab.*)
                0x1a009428                __exidx_start = .

.ARM.exidx
 *(.ARM.exidx* .gnu.linkonce.armexidx.*)
                0x1a009428                __exidx_end = .
                0x1a009428                _etext = .

.data_RAM2      0x10080000        0x0 load address 0x1a009428
 FILL mask 0xff
                [!provide]                PROVIDE (__start_data_RAM2, .)
 *(.ramfunc.$RAM2)
 *(.ramfunc.$RamLoc40)
 *(.data.$RAM2*)
 *(.data.$RamLoc40*)
                0x10080000                . = ALIGN (0x4)
                [!provide]                PROVIDE (__end_data_RAM2, .)

.data_RAM3      0x20000000        0x0 load address 0x1a009428
 FILL mask 0xff
                [!provide]                PROVIDE (__start_data_RAM3, .)
 *(.ramfunc.$RAM3)
 *(.ramfunc.$RamAHB32)
 *(.data.$RAM3*)
 *(.data.$RamAHB32*)
                0x20000000                . = ALIGN (0x4)
                [!provide]                PROVIDE (__end_data_RAM3, .)

.data_RAM4      0x20008000        0x0 load address 0x1a009428
 FILL mask 0xff
                [!provide]                PROVIDE (__start_data_RAM4, .)
 *(.ramfunc.$RAM4)
 *(.ramfunc.$RamAHB16)
 *(.data.$RAM4*)
 *(.data.$RamAHB16*)
                0x20008000                . = ALIGN (0x4)
                [!provide]                PROVIDE (__end_data_RAM4, .)

.data_RAM5      0x2000c000        0x0 load address 0x1a009428
 FILL mask 0xff
                [!provide]                PROVIDE (__start_data_RAM5, .)
 *(.ramfunc.$RAM5)
 *(.ramfunc.$RamAHB_ETB16)
 *(.data.$RAM5*)
 *(.data.$RamAHB_ETB16*)
                0x2000c000                . = ALIGN (0x4)
                [!provide]                PROVIDE (__end_data_RAM5, .)

.uninit_RESERVED
                0x10000000        0x0
 *(.bss.$RESERVED*)
                0x10000000                . = ALIGN (0x4)
                0x10000000                _end_uninit_RESERVED = .

.data           0x10000000       0x14 load address 0x1a009428
 FILL mask 0xff
                0x10000000                _data = .
 *(vtable)
 *(.ramfunc*)
 *(.data*)
 .data.ref      0x10000000        0x1 ./src/TriAc.o
                0x10000000                ref
 .data.Stat     0x10000001        0x1 ./src/mmc.o
 *fill*         0x10000002        0x2 ff
 .data.pipe_00  0x10000004        0x5 ./src/sase2018.o
                0x10000004                pipe_00
 *fill*         0x10000009        0x3 ff
 .data.pipe_01  0x1000000c        0x5 ./src/sase2018.o
                0x1000000c                pipe_01
                0x10000014                . = ALIGN (0x4)
 *fill*         0x10000011        0x3 ff
                0x10000014                _edata = .

.igot.plt       0x10000014        0x0 load address 0x1a00943c
 .igot.plt      0x10000014        0x0 ./src/ESP8266.o

.bss_RAM2       0x10080000        0x0
                [!provide]                PROVIDE (__start_bss_RAM2, .)
 *(.bss.$RAM2*)
 *(.bss.$RamLoc40*)
                0x10080000                . = ALIGN ((. != 0x0)?0x4:0x1)
                [!provide]                PROVIDE (__end_bss_RAM2, .)

.bss_RAM3       0x20000000        0x0
                [!provide]                PROVIDE (__start_bss_RAM3, .)
 *(.bss.$RAM3*)
 *(.bss.$RamAHB32*)
                0x20000000                . = ALIGN ((. != 0x0)?0x4:0x1)
                [!provide]                PROVIDE (__end_bss_RAM3, .)

.bss_RAM4       0x20008000        0x0
                [!provide]                PROVIDE (__start_bss_RAM4, .)
 *(.bss.$RAM4*)
 *(.bss.$RamAHB16*)
                0x20008000                . = ALIGN ((. != 0x0)?0x4:0x1)
                [!provide]                PROVIDE (__end_bss_RAM4, .)

.bss_RAM5       0x2000c000        0x0
                [!provide]                PROVIDE (__start_bss_RAM5, .)
 *(.bss.$RAM5*)
 *(.bss.$RamAHB_ETB16*)
                0x2000c000                . = ALIGN ((. != 0x0)?0x4:0x1)
                [!provide]                PROVIDE (__end_bss_RAM5, .)

.bss            0x10000014      0x960
                0x10000014                _bss = .
 *(.bss*)
 .bss.recive_byte
                0x10000014      0x258 ./src/Serial.o
                0x10000014                recive_byte
 .bss.i.9001    0x1000026c        0x4 ./src/Serial.o
 .bss.i.9008    0x10000270        0x1 ./src/Serial.o
 *fill*         0x10000271        0x3 
 .bss.i.9017    0x10000274        0x4 ./src/Serial.o
 .bss.flag      0x10000278        0x1 ./src/TriAc.o
                0x10000278                flag
 .bss.cont_sinc
                0x10000279        0x1 ./src/TriAc.o
                0x10000279                cont_sinc
 .bss.angulo    0x1000027a        0x1 ./src/TriAc.o
                0x1000027a                angulo
 .bss.flag_sinc.9016
                0x1000027b        0x1 ./src/TriAc.o
 .bss.contador.9015
                0x1000027c        0x1 ./src/TriAc.o
 *fill*         0x1000027d        0x3 
 .bss.HumAmb    0x10000280       0x60 ./src/WorkApp.o
                0x10000280                HumAmb
 .bss.TempAmb   0x100002e0       0x60 ./src/WorkApp.o
                0x100002e0                TempAmb
 .bss.HumSuelo  0x10000340       0x60 ./src/WorkApp.o
                0x10000340                HumSuelo
 .bss.TempSuelo
                0x100003a0       0x60 ./src/WorkApp.o
                0x100003a0                TempSuelo
 .bss.Hora      0x10000400       0x60 ./src/WorkApp.o
                0x10000400                Hora
 .bss.j         0x10000460        0x1 ./src/WorkApp.o
                0x10000460                j
 *fill*         0x10000461        0x3 
 .bss.ms_ticks  0x10000464        0x4 ./src/WorkSD.o
 .bss.fs        0x10000468      0x230 ./src/WorkSD.o
 .bss.fp        0x10000698      0x228 ./src/WorkSD.o
 .bss.nbytesW   0x100008c0        0x4 ./src/WorkSD.o
                0x100008c0                nbytesW
 .bss.cont.9347
                0x100008c4        0x4 ./src/WorkSD.o
 .bss.channel_global
                0x100008c8        0x1 ./src/Work_ADC.o
                0x100008c8                channel_global
 *fill*         0x100008c9        0x3 
 .bss.HumAmbp   0x100008cc        0x4 ./src/Work_Bluetooth.o
                0x100008cc                HumAmbp
 .bss.TempAmbp  0x100008d0        0x4 ./src/Work_Bluetooth.o
                0x100008d0                TempAmbp
 .bss.HumSuelop
                0x100008d4        0x4 ./src/Work_Bluetooth.o
                0x100008d4                HumSuelop
 .bss.TempSuelop
                0x100008d8        0x4 ./src/Work_Bluetooth.o
                0x100008d8                TempSuelop
 .bss.Horap     0x100008dc        0x4 ./src/Work_Bluetooth.o
                0x100008dc                Horap
 .bss.Mediciones1
                0x100008e0       0x14 ./src/Work_Bluetooth.o
                0x100008e0                Mediciones1
 .bss.Mediciones2
                0x100008f4       0x14 ./src/Work_Bluetooth.o
                0x100008f4                Mediciones2
 .bss.banderaTemp.9025
                0x10000908        0x1 ./src/Work_Bluetooth.o
 .bss.banderaLevel.9026
                0x10000909        0x1 ./src/Work_Bluetooth.o
 *fill*         0x1000090a        0x2 
 .bss.LevelMin  0x1000090c        0x4 ./src/Work_Bomba.o
                0x1000090c                LevelMin
 .bss.FatFs     0x10000910        0x4 ./src/ff.o
 .bss.Fsid      0x10000914        0x2 ./src/ff.o
 *fill*         0x10000916        0x2 
 .bss.data      0x10000918        0x6 ./src/lcd.o
                0x10000918                data
 .bss.Timer1    0x1000091e        0x1 ./src/mmc.o
 .bss.Timer2    0x1000091f        0x1 ./src/mmc.o
 .bss.CardType  0x10000920        0x1 ./src/mmc.o
 .bss.pv.9136   0x10000921        0x1 ./src/mmc.o
 .bss.flag_WiFi
                0x10000922        0x1 ./src/sase2018.o
                0x10000922                flag_WiFi
 .bss.flag_GPRS
                0x10000923        0x1 ./src/sase2018.o
                0x10000923                flag_GPRS
 .bss.time_out  0x10000924        0x1 ./src/sase2018.o
                0x10000924                time_out
 .bss.busy      0x10000925        0x1 ./src/sase2018.o
                0x10000925                busy
 .bss.pipe      0x10000926        0x1 ./src/sase2018.o
                0x10000926                pipe
 *fill*         0x10000927        0x1 
 .bss.Datos_SD  0x10000928       0x14 ./src/sase2018.o
                0x10000928                Datos_SD
 .bss.RX_Payload
                0x1000093c        0x8 ./src/sase2018.o
                0x1000093c                RX_Payload
 .bss.Datos_SD_01
                0x10000944       0x14 ./src/sase2018.o
                0x10000944                Datos_SD_01
 .bss.RX_Payload_01
                0x10000958        0x8 ./src/sase2018.o
                0x10000958                RX_Payload_01
 .bss.contador.9485
                0x10000960        0x2 ./src/sase2018.o
 .bss.caso.9625
                0x10000962        0x1 ./src/sase2018.o
 .bss.estado.9626
                0x10000963        0x1 ./src/sase2018.o
 .bss.cont_fail.9627
                0x10000964        0x1 ./src/sase2018.o
 *fill*         0x10000965        0x3 
 .bss.audio_usb_pll_freq
                0x10000968        0x8 C:\Users\samu_\Documents\MCUXpressoIDE_10.0.0_344\workspace\lpc_chip_43xx\Debug\liblpc_chip_43xx.a(clock_18xx_43xx.o)
 *(COMMON)
 COMMON         0x10000970        0x4 C:\Users\samu_\Documents\MCUXpressoIDE_10.0.0_344\workspace\lpc_chip_43xx\Debug\liblpc_chip_43xx.a(chip_18xx_43xx.o)
                0x10000970                SystemCoreClock
                0x10000974                . = ALIGN (0x4)
                0x10000974                _ebss = .
                [!provide]                PROVIDE (end, .)

.noinit_RAM2    0x10080000        0x0
 *(.noinit.$RAM2*)
 *(.noinit.$RamLoc40*)
                0x10080000                . = ALIGN (0x4)

.noinit_RAM3    0x20000000        0x0
 *(.noinit.$RAM3*)
 *(.noinit.$RamAHB32*)
                0x20000000                . = ALIGN (0x4)

.noinit_RAM4    0x20008000        0x0
 *(.noinit.$RAM4*)
 *(.noinit.$RamAHB16*)
                0x20008000                . = ALIGN (0x4)

.noinit_RAM5    0x2000c000        0x0
 *(.noinit.$RAM5*)
 *(.noinit.$RamAHB_ETB16*)
                0x2000c000                . = ALIGN (0x4)

.noinit         0x10000974        0x0
                0x10000974                _noinit = .
 *(.noinit*)
                0x10000974                . = ALIGN (0x4)
                0x10000974                _end_noinit = .
                [!provide]                PROVIDE (_pvHeapStart, DEFINED (__user_heap_base)?__user_heap_base:.)
                0x10008000                PROVIDE (_vStackTop, DEFINED (__user_stack_top)?__user_stack_top:(__top_RamLoc32 - 0x0))
                0x53ff52a2                PROVIDE (__valid_user_code_checksum, (0x0 - ((((((_vStackTop + (ResetISR + 0x1)) + (NMI_Handler + 0x1)) + (HardFault_Handler + 0x1)) + (DEFINED (MemManage_Handler)?MemManage_Handler:0x0 + 0x1)) + (DEFINED (BusFault_Handler)?BusFault_Handler:0x0 + 0x1)) + (DEFINED (UsageFault_Handler)?UsageFault_Handler:0x0 + 0x1))))
OUTPUT(sase2018.axf elf32-littlearm)

.debug_info     0x00000000    0x12807
 .debug_info    0x00000000      0x826 ./src/ESP8266.o
 .debug_info    0x00000826     0x108f ./src/Serial.o
 .debug_info    0x000018b5     0x13ed ./src/TriAc.o
 .debug_info    0x00002ca2     0x10d2 ./src/UPC_nRF24L01.o
 .debug_info    0x00003d74      0x6ab ./src/WorkApp.o
 .debug_info    0x0000441f     0x13b3 ./src/WorkSD.o
 .debug_info    0x000057d2      0xc8f ./src/Work_ADC.o
 .debug_info    0x00006461      0xf80 ./src/Work_Bluetooth.o
 .debug_info    0x000073e1      0x98c ./src/Work_Bomba.o
 .debug_info    0x00007d6d      0x297 ./src/cr_startup_lpc43xx.o
 .debug_info    0x00008004       0x3f ./src/crp.o
 .debug_info    0x00008043     0x18df ./src/ff.o
 .debug_info    0x00009922      0x72a ./src/lcd.o
 .debug_info    0x0000a04c      0xce1 ./src/mmc.o
 .debug_info    0x0000ad2d      0x5a4 ./src/puertos.o
 .debug_info    0x0000b2d1      0x480 ./src/rtc.o
 .debug_info    0x0000b751      0x44a ./src/sapi_spi.o
 .debug_info    0x0000bb9b      0xe1a ./src/sase2018.o
 .debug_info    0x0000c9b5      0x5ba ./src/sysinit.o
 .debug_info    0x0000cf6f      0x952 C:\Users\samu_\Documents\MCUXpressoIDE_10.0.0_344\workspace\lpc_chip_43xx\Debug\liblpc_chip_43xx.a(adc_18xx_43xx.o)
 .debug_info    0x0000d8c1      0xa31 C:\Users\samu_\Documents\MCUXpressoIDE_10.0.0_344\workspace\lpc_chip_43xx\Debug\liblpc_chip_43xx.a(chip_18xx_43xx.o)
 .debug_info    0x0000e2f2     0x1590 C:\Users\samu_\Documents\MCUXpressoIDE_10.0.0_344\workspace\lpc_chip_43xx\Debug\liblpc_chip_43xx.a(clock_18xx_43xx.o)
 .debug_info    0x0000f882      0x128 C:\Users\samu_\Documents\MCUXpressoIDE_10.0.0_344\workspace\lpc_chip_43xx\Debug\liblpc_chip_43xx.a(fpu_init.o)
 .debug_info    0x0000f9aa      0x1fd C:\Users\samu_\Documents\MCUXpressoIDE_10.0.0_344\workspace\lpc_chip_43xx\Debug\liblpc_chip_43xx.a(gpio_18xx_43xx.o)
 .debug_info    0x0000fba7      0x6c3 C:\Users\samu_\Documents\MCUXpressoIDE_10.0.0_344\workspace\lpc_chip_43xx\Debug\liblpc_chip_43xx.a(rtc_18xx_43xx.o)
 .debug_info    0x0001026a      0xbf3 C:\Users\samu_\Documents\MCUXpressoIDE_10.0.0_344\workspace\lpc_chip_43xx\Debug\liblpc_chip_43xx.a(ssp_18xx_43xx.o)
 .debug_info    0x00010e5d      0x8fd C:\Users\samu_\Documents\MCUXpressoIDE_10.0.0_344\workspace\lpc_chip_43xx\Debug\liblpc_chip_43xx.a(sysinit_18xx_43xx.o)
 .debug_info    0x0001175a     0x10ad C:\Users\samu_\Documents\MCUXpressoIDE_10.0.0_344\workspace\lpc_chip_43xx\Debug\liblpc_chip_43xx.a(uart_18xx_43xx.o)

.debug_abbrev   0x00000000     0x31cc
 .debug_abbrev  0x00000000      0x1bc ./src/ESP8266.o
 .debug_abbrev  0x000001bc      0x2c9 ./src/Serial.o
 .debug_abbrev  0x00000485      0x27f ./src/TriAc.o
 .debug_abbrev  0x00000704      0x2b1 ./src/UPC_nRF24L01.o
 .debug_abbrev  0x000009b5      0x12b ./src/WorkApp.o
 .debug_abbrev  0x00000ae0      0x2b4 ./src/WorkSD.o
 .debug_abbrev  0x00000d94      0x202 ./src/Work_ADC.o
 .debug_abbrev  0x00000f96      0x27c ./src/Work_Bluetooth.o
 .debug_abbrev  0x00001212      0x1b8 ./src/Work_Bomba.o
 .debug_abbrev  0x000013ca       0xed ./src/cr_startup_lpc43xx.o
 .debug_abbrev  0x000014b7       0x36 ./src/crp.o
 .debug_abbrev  0x000014ed      0x197 ./src/ff.o
 .debug_abbrev  0x00001684      0x172 ./src/lcd.o
 .debug_abbrev  0x000017f6      0x2d4 ./src/mmc.o
 .debug_abbrev  0x00001aca      0x177 ./src/puertos.o
 .debug_abbrev  0x00001c41      0x19e ./src/rtc.o
 .debug_abbrev  0x00001ddf      0x164 ./src/sapi_spi.o
 .debug_abbrev  0x00001f43      0x25d ./src/sase2018.o
 .debug_abbrev  0x000021a0       0xe6 ./src/sysinit.o
 .debug_abbrev  0x00002286      0x1bf C:\Users\samu_\Documents\MCUXpressoIDE_10.0.0_344\workspace\lpc_chip_43xx\Debug\liblpc_chip_43xx.a(adc_18xx_43xx.o)
 .debug_abbrev  0x00002445      0x155 C:\Users\samu_\Documents\MCUXpressoIDE_10.0.0_344\workspace\lpc_chip_43xx\Debug\liblpc_chip_43xx.a(chip_18xx_43xx.o)
 .debug_abbrev  0x0000259a      0x2cb C:\Users\samu_\Documents\MCUXpressoIDE_10.0.0_344\workspace\lpc_chip_43xx\Debug\liblpc_chip_43xx.a(clock_18xx_43xx.o)
 .debug_abbrev  0x00002865       0x84 C:\Users\samu_\Documents\MCUXpressoIDE_10.0.0_344\workspace\lpc_chip_43xx\Debug\liblpc_chip_43xx.a(fpu_init.o)
 .debug_abbrev  0x000028e9       0xd0 C:\Users\samu_\Documents\MCUXpressoIDE_10.0.0_344\workspace\lpc_chip_43xx\Debug\liblpc_chip_43xx.a(gpio_18xx_43xx.o)
 .debug_abbrev  0x000029b9      0x184 C:\Users\samu_\Documents\MCUXpressoIDE_10.0.0_344\workspace\lpc_chip_43xx\Debug\liblpc_chip_43xx.a(rtc_18xx_43xx.o)
 .debug_abbrev  0x00002b3d      0x241 C:\Users\samu_\Documents\MCUXpressoIDE_10.0.0_344\workspace\lpc_chip_43xx\Debug\liblpc_chip_43xx.a(ssp_18xx_43xx.o)
 .debug_abbrev  0x00002d7e      0x18e C:\Users\samu_\Documents\MCUXpressoIDE_10.0.0_344\workspace\lpc_chip_43xx\Debug\liblpc_chip_43xx.a(sysinit_18xx_43xx.o)
 .debug_abbrev  0x00002f0c      0x2c0 C:\Users\samu_\Documents\MCUXpressoIDE_10.0.0_344\workspace\lpc_chip_43xx\Debug\liblpc_chip_43xx.a(uart_18xx_43xx.o)

.debug_aranges  0x00000000      0xe98
 .debug_aranges
                0x00000000       0x50 ./src/ESP8266.o
 .debug_aranges
                0x00000050       0xa8 ./src/Serial.o
 .debug_aranges
                0x000000f8       0xf8 ./src/TriAc.o
 .debug_aranges
                0x000001f0      0x150 ./src/UPC_nRF24L01.o
 .debug_aranges
                0x00000340       0x30 ./src/WorkApp.o
 .debug_aranges
                0x00000370       0x80 ./src/WorkSD.o
 .debug_aranges
                0x000003f0       0x48 ./src/Work_ADC.o
 .debug_aranges
                0x00000438       0x70 ./src/Work_Bluetooth.o
 .debug_aranges
                0x000004a8       0x50 ./src/Work_Bomba.o
 .debug_aranges
                0x000004f8       0x80 ./src/cr_startup_lpc43xx.o
 .debug_aranges
                0x00000578       0x18 ./src/crp.o
 .debug_aranges
                0x00000590      0x198 ./src/ff.o
 .debug_aranges
                0x00000728       0x48 ./src/lcd.o
 .debug_aranges
                0x00000770       0xb8 ./src/mmc.o
 .debug_aranges
                0x00000828       0x60 ./src/puertos.o
 .debug_aranges
                0x00000888       0x38 ./src/rtc.o
 .debug_aranges
                0x000008c0       0x38 ./src/sapi_spi.o
 .debug_aranges
                0x000008f8       0x58 ./src/sase2018.o
 .debug_aranges
                0x00000950       0x20 ./src/sysinit.o
 .debug_aranges
                0x00000970       0x98 C:\Users\samu_\Documents\MCUXpressoIDE_10.0.0_344\workspace\lpc_chip_43xx\Debug\liblpc_chip_43xx.a(adc_18xx_43xx.o)
 .debug_aranges
                0x00000a08       0x40 C:\Users\samu_\Documents\MCUXpressoIDE_10.0.0_344\workspace\lpc_chip_43xx\Debug\liblpc_chip_43xx.a(chip_18xx_43xx.o)
 .debug_aranges
                0x00000a48      0x138 C:\Users\samu_\Documents\MCUXpressoIDE_10.0.0_344\workspace\lpc_chip_43xx\Debug\liblpc_chip_43xx.a(clock_18xx_43xx.o)
 .debug_aranges
                0x00000b80       0x20 C:\Users\samu_\Documents\MCUXpressoIDE_10.0.0_344\workspace\lpc_chip_43xx\Debug\liblpc_chip_43xx.a(fpu_init.o)
 .debug_aranges
                0x00000ba0       0x28 C:\Users\samu_\Documents\MCUXpressoIDE_10.0.0_344\workspace\lpc_chip_43xx\Debug\liblpc_chip_43xx.a(gpio_18xx_43xx.o)
 .debug_aranges
                0x00000bc8       0x80 C:\Users\samu_\Documents\MCUXpressoIDE_10.0.0_344\workspace\lpc_chip_43xx\Debug\liblpc_chip_43xx.a(rtc_18xx_43xx.o)
 .debug_aranges
                0x00000c48       0xe8 C:\Users\samu_\Documents\MCUXpressoIDE_10.0.0_344\workspace\lpc_chip_43xx\Debug\liblpc_chip_43xx.a(ssp_18xx_43xx.o)
 .debug_aranges
                0x00000d30       0x50 C:\Users\samu_\Documents\MCUXpressoIDE_10.0.0_344\workspace\lpc_chip_43xx\Debug\liblpc_chip_43xx.a(sysinit_18xx_43xx.o)
 .debug_aranges
                0x00000d80      0x118 C:\Users\samu_\Documents\MCUXpressoIDE_10.0.0_344\workspace\lpc_chip_43xx\Debug\liblpc_chip_43xx.a(uart_18xx_43xx.o)

.debug_ranges   0x00000000      0xd00
 .debug_ranges  0x00000000       0x40 ./src/ESP8266.o
 .debug_ranges  0x00000040       0x98 ./src/Serial.o
 .debug_ranges  0x000000d8       0xe8 ./src/TriAc.o
 .debug_ranges  0x000001c0      0x140 ./src/UPC_nRF24L01.o
 .debug_ranges  0x00000300       0x20 ./src/WorkApp.o
 .debug_ranges  0x00000320       0x70 ./src/WorkSD.o
 .debug_ranges  0x00000390       0x38 ./src/Work_ADC.o
 .debug_ranges  0x000003c8       0x60 ./src/Work_Bluetooth.o
 .debug_ranges  0x00000428       0x40 ./src/Work_Bomba.o
 .debug_ranges  0x00000468       0x70 ./src/cr_startup_lpc43xx.o
 .debug_ranges  0x000004d8      0x188 ./src/ff.o
 .debug_ranges  0x00000660       0x38 ./src/lcd.o
 .debug_ranges  0x00000698       0xa8 ./src/mmc.o
 .debug_ranges  0x00000740       0x50 ./src/puertos.o
 .debug_ranges  0x00000790       0x28 ./src/rtc.o
 .debug_ranges  0x000007b8       0x28 ./src/sapi_spi.o
 .debug_ranges  0x000007e0       0x48 ./src/sase2018.o
 .debug_ranges  0x00000828       0x10 ./src/sysinit.o
 .debug_ranges  0x00000838       0x88 C:\Users\samu_\Documents\MCUXpressoIDE_10.0.0_344\workspace\lpc_chip_43xx\Debug\liblpc_chip_43xx.a(adc_18xx_43xx.o)
 .debug_ranges  0x000008c0       0x30 C:\Users\samu_\Documents\MCUXpressoIDE_10.0.0_344\workspace\lpc_chip_43xx\Debug\liblpc_chip_43xx.a(chip_18xx_43xx.o)
 .debug_ranges  0x000008f0      0x140 C:\Users\samu_\Documents\MCUXpressoIDE_10.0.0_344\workspace\lpc_chip_43xx\Debug\liblpc_chip_43xx.a(clock_18xx_43xx.o)
 .debug_ranges  0x00000a30       0x10 C:\Users\samu_\Documents\MCUXpressoIDE_10.0.0_344\workspace\lpc_chip_43xx\Debug\liblpc_chip_43xx.a(fpu_init.o)
 .debug_ranges  0x00000a40       0x18 C:\Users\samu_\Documents\MCUXpressoIDE_10.0.0_344\workspace\lpc_chip_43xx\Debug\liblpc_chip_43xx.a(gpio_18xx_43xx.o)
 .debug_ranges  0x00000a58       0x70 C:\Users\samu_\Documents\MCUXpressoIDE_10.0.0_344\workspace\lpc_chip_43xx\Debug\liblpc_chip_43xx.a(rtc_18xx_43xx.o)
 .debug_ranges  0x00000ac8       0xd8 C:\Users\samu_\Documents\MCUXpressoIDE_10.0.0_344\workspace\lpc_chip_43xx\Debug\liblpc_chip_43xx.a(ssp_18xx_43xx.o)
 .debug_ranges  0x00000ba0       0x40 C:\Users\samu_\Documents\MCUXpressoIDE_10.0.0_344\workspace\lpc_chip_43xx\Debug\liblpc_chip_43xx.a(sysinit_18xx_43xx.o)
 .debug_ranges  0x00000be0      0x120 C:\Users\samu_\Documents\MCUXpressoIDE_10.0.0_344\workspace\lpc_chip_43xx\Debug\liblpc_chip_43xx.a(uart_18xx_43xx.o)

.debug_macro    0x00000000     0xa30a
 .debug_macro   0x00000000      0x318 ./src/ESP8266.o
 .debug_macro   0x00000318      0x8b0 ./src/ESP8266.o
 .debug_macro   0x00000bc8       0x10 ./src/ESP8266.o
 .debug_macro   0x00000bd8       0x10 ./src/ESP8266.o
 .debug_macro   0x00000be8      0x12d ./src/ESP8266.o
 .debug_macro   0x00000d15      0x5b2 ./src/ESP8266.o
 .debug_macro   0x000012c7       0x22 ./src/ESP8266.o
 .debug_macro   0x000012e9       0x7b ./src/ESP8266.o
 .debug_macro   0x00001364       0x28 ./src/ESP8266.o
 .debug_macro   0x0000138c       0x3b ./src/ESP8266.o
 .debug_macro   0x000013c7       0x2d ./src/ESP8266.o
 .debug_macro   0x000013f4       0x42 ./src/ESP8266.o
 .debug_macro   0x00001436      0xd39 ./src/ESP8266.o
 .debug_macro   0x0000216f      0x2bc ./src/ESP8266.o
 .debug_macro   0x0000242b      0x112 ./src/ESP8266.o
 .debug_macro   0x0000253d       0x11 ./src/ESP8266.o
 .debug_macro   0x0000254e       0x2a ./src/ESP8266.o
 .debug_macro   0x00002578       0x16 ./src/ESP8266.o
 .debug_macro   0x0000258e      0x2e6 ./src/ESP8266.o
 .debug_macro   0x00002874       0x82 ./src/ESP8266.o
 .debug_macro   0x000028f6      0x13d ./src/ESP8266.o
 .debug_macro   0x00002a33      0x198 ./src/ESP8266.o
 .debug_macro   0x00002bcb       0x34 ./src/ESP8266.o
 .debug_macro   0x00002bff       0x58 ./src/ESP8266.o
 .debug_macro   0x00002c57      0x236 ./src/ESP8266.o
 .debug_macro   0x00002e8d      0x572 ./src/ESP8266.o
 .debug_macro   0x000033ff       0x16 ./src/ESP8266.o
 .debug_macro   0x00003415      0x18a ./src/ESP8266.o
 .debug_macro   0x0000359f       0x88 ./src/ESP8266.o
 .debug_macro   0x00003627      0x1b9 ./src/ESP8266.o
 .debug_macro   0x000037e0      0x1da ./src/ESP8266.o
 .debug_macro   0x000039ba       0x40 ./src/ESP8266.o
 .debug_macro   0x000039fa       0x1c ./src/ESP8266.o
 .debug_macro   0x00003a16       0x2e ./src/ESP8266.o
 .debug_macro   0x00003a44       0x2e ./src/ESP8266.o
 .debug_macro   0x00003a72       0x22 ./src/ESP8266.o
 .debug_macro   0x00003a94      0x201 ./src/ESP8266.o
 .debug_macro   0x00003c95       0xe0 ./src/ESP8266.o
 .debug_macro   0x00003d75      0x34c ./src/ESP8266.o
 .debug_macro   0x000040c1       0xdc ./src/ESP8266.o
 .debug_macro   0x0000419d       0xc4 ./src/ESP8266.o
 .debug_macro   0x00004261       0x94 ./src/ESP8266.o
 .debug_macro   0x000042f5       0xb8 ./src/ESP8266.o
 .debug_macro   0x000043ad       0x4c ./src/ESP8266.o
 .debug_macro   0x000043f9       0x16 ./src/ESP8266.o
 .debug_macro   0x0000440f      0x328 ./src/ESP8266.o
 .debug_macro   0x00004737       0x3a ./src/ESP8266.o
 .debug_macro   0x00004771       0xd0 ./src/ESP8266.o
 .debug_macro   0x00004841       0x18 ./src/ESP8266.o
 .debug_macro   0x00004859       0x22 ./src/ESP8266.o
 .debug_macro   0x0000487b       0x40 ./src/ESP8266.o
 .debug_macro   0x000048bb       0x22 ./src/ESP8266.o
 .debug_macro   0x000048dd       0x40 ./src/ESP8266.o
 .debug_macro   0x0000491d      0x2f4 ./src/Serial.o
 .debug_macro   0x00004c11      0x2ee ./src/TriAc.o
 .debug_macro   0x00004eff      0x316 ./src/UPC_nRF24L01.o
 .debug_macro   0x00005215      0x106 ./src/UPC_nRF24L01.o
 .debug_macro   0x0000531b       0x2e ./src/UPC_nRF24L01.o
 .debug_macro   0x00005349      0x2fc ./src/WorkApp.o
 .debug_macro   0x00005645      0x35e ./src/WorkSD.o
 .debug_macro   0x000059a3       0xe9 ./src/WorkSD.o
 .debug_macro   0x00005a8c       0xe7 ./src/WorkSD.o
 .debug_macro   0x00005b73       0xac ./src/WorkSD.o
 .debug_macro   0x00005c1f       0x2e ./src/WorkSD.o
 .debug_macro   0x00005c4d      0x2de ./src/Work_ADC.o
 .debug_macro   0x00005f2b      0x316 ./src/Work_Bluetooth.o
 .debug_macro   0x00006241      0x2f4 ./src/Work_Bomba.o
 .debug_macro   0x00006535       0x1d ./src/cr_startup_lpc43xx.o
 .debug_macro   0x00006552       0x1a ./src/crp.o
 .debug_macro   0x0000656c       0x34 ./src/crp.o
 .debug_macro   0x000065a0      0x42e ./src/ff.o
 .debug_macro   0x000069ce      0x2f4 ./src/lcd.o
 .debug_macro   0x00006cc2       0x34 ./src/lcd.o
 .debug_macro   0x00006cf6      0x380 ./src/mmc.o
 .debug_macro   0x00007076       0x16 ./src/mmc.o
 .debug_macro   0x0000708c       0x9a ./src/mmc.o
 .debug_macro   0x00007126      0x305 ./src/puertos.o
 .debug_macro   0x0000742b      0x30d ./src/rtc.o
 .debug_macro   0x00007738      0x305 ./src/sapi_spi.o
 .debug_macro   0x00007a3d      0x42d ./src/sase2018.o
 .debug_macro   0x00007e6a       0x82 ./src/sase2018.o
 .debug_macro   0x00007eec      0x10c ./src/sase2018.o
 .debug_macro   0x00007ff8      0x2de ./src/sysinit.o
 .debug_macro   0x000082d6      0x2da C:\Users\samu_\Documents\MCUXpressoIDE_10.0.0_344\workspace\lpc_chip_43xx\Debug\liblpc_chip_43xx.a(adc_18xx_43xx.o)
 .debug_macro   0x000085b0      0x89e C:\Users\samu_\Documents\MCUXpressoIDE_10.0.0_344\workspace\lpc_chip_43xx\Debug\liblpc_chip_43xx.a(adc_18xx_43xx.o)
 .debug_macro   0x00008e4e      0x2da C:\Users\samu_\Documents\MCUXpressoIDE_10.0.0_344\workspace\lpc_chip_43xx\Debug\liblpc_chip_43xx.a(chip_18xx_43xx.o)
 .debug_macro   0x00009128      0x2e0 C:\Users\samu_\Documents\MCUXpressoIDE_10.0.0_344\workspace\lpc_chip_43xx\Debug\liblpc_chip_43xx.a(clock_18xx_43xx.o)
 .debug_macro   0x00009408       0xc0 C:\Users\samu_\Documents\MCUXpressoIDE_10.0.0_344\workspace\lpc_chip_43xx\Debug\liblpc_chip_43xx.a(fpu_init.o)
 .debug_macro   0x000094c8      0x2da C:\Users\samu_\Documents\MCUXpressoIDE_10.0.0_344\workspace\lpc_chip_43xx\Debug\liblpc_chip_43xx.a(gpio_18xx_43xx.o)
 .debug_macro   0x000097a2      0x2da C:\Users\samu_\Documents\MCUXpressoIDE_10.0.0_344\workspace\lpc_chip_43xx\Debug\liblpc_chip_43xx.a(rtc_18xx_43xx.o)
 .debug_macro   0x00009a7c      0x2da C:\Users\samu_\Documents\MCUXpressoIDE_10.0.0_344\workspace\lpc_chip_43xx\Debug\liblpc_chip_43xx.a(ssp_18xx_43xx.o)
 .debug_macro   0x00009d56      0x2da C:\Users\samu_\Documents\MCUXpressoIDE_10.0.0_344\workspace\lpc_chip_43xx\Debug\liblpc_chip_43xx.a(sysinit_18xx_43xx.o)
 .debug_macro   0x0000a030      0x2da C:\Users\samu_\Documents\MCUXpressoIDE_10.0.0_344\workspace\lpc_chip_43xx\Debug\liblpc_chip_43xx.a(uart_18xx_43xx.o)

.debug_line     0x00000000     0xcedc
 .debug_line    0x00000000      0x6fb ./src/ESP8266.o
 .debug_line    0x000006fb      0x807 ./src/Serial.o
 .debug_line    0x00000f02      0x8ad ./src/TriAc.o
 .debug_line    0x000017af      0xa9b ./src/UPC_nRF24L01.o
 .debug_line    0x0000224a      0x6ab ./src/WorkApp.o
 .debug_line    0x000028f5      0x7e9 ./src/WorkSD.o
 .debug_line    0x000030de      0x6a4 ./src/Work_ADC.o
 .debug_line    0x00003782      0x838 ./src/Work_Bluetooth.o
 .debug_line    0x00003fba      0x6c3 ./src/Work_Bomba.o
 .debug_line    0x0000467d       0xfa ./src/cr_startup_lpc43xx.o
 .debug_line    0x00004777       0x75 ./src/crp.o
 .debug_line    0x000047ec      0xe30 ./src/ff.o
 .debug_line    0x0000561c      0x778 ./src/lcd.o
 .debug_line    0x00005d94      0xa18 ./src/mmc.o
 .debug_line    0x000067ac      0xb14 ./src/puertos.o
 .debug_line    0x000072c0      0x68a ./src/rtc.o
 .debug_line    0x0000794a      0x6af ./src/sapi_spi.o
 .debug_line    0x00007ff9      0x889 ./src/sase2018.o
 .debug_line    0x00008882      0x62c ./src/sysinit.o
 .debug_line    0x00008eae      0x735 C:\Users\samu_\Documents\MCUXpressoIDE_10.0.0_344\workspace\lpc_chip_43xx\Debug\liblpc_chip_43xx.a(adc_18xx_43xx.o)
 .debug_line    0x000095e3      0x64e C:\Users\samu_\Documents\MCUXpressoIDE_10.0.0_344\workspace\lpc_chip_43xx\Debug\liblpc_chip_43xx.a(chip_18xx_43xx.o)
 .debug_line    0x00009c31      0xa4b C:\Users\samu_\Documents\MCUXpressoIDE_10.0.0_344\workspace\lpc_chip_43xx\Debug\liblpc_chip_43xx.a(clock_18xx_43xx.o)
 .debug_line    0x0000a67c      0x1fa C:\Users\samu_\Documents\MCUXpressoIDE_10.0.0_344\workspace\lpc_chip_43xx\Debug\liblpc_chip_43xx.a(fpu_init.o)
 .debug_line    0x0000a876      0x5f4 C:\Users\samu_\Documents\MCUXpressoIDE_10.0.0_344\workspace\lpc_chip_43xx\Debug\liblpc_chip_43xx.a(gpio_18xx_43xx.o)
 .debug_line    0x0000ae6a      0x75c C:\Users\samu_\Documents\MCUXpressoIDE_10.0.0_344\workspace\lpc_chip_43xx\Debug\liblpc_chip_43xx.a(rtc_18xx_43xx.o)
 .debug_line    0x0000b5c6      0x92f C:\Users\samu_\Documents\MCUXpressoIDE_10.0.0_344\workspace\lpc_chip_43xx\Debug\liblpc_chip_43xx.a(ssp_18xx_43xx.o)
 .debug_line    0x0000bef5      0x6bc C:\Users\samu_\Documents\MCUXpressoIDE_10.0.0_344\workspace\lpc_chip_43xx\Debug\liblpc_chip_43xx.a(sysinit_18xx_43xx.o)
 .debug_line    0x0000c5b1      0x92b C:\Users\samu_\Documents\MCUXpressoIDE_10.0.0_344\workspace\lpc_chip_43xx\Debug\liblpc_chip_43xx.a(uart_18xx_43xx.o)

.debug_str      0x00000000    0x1af5a
 .debug_str     0x00000000    0x15bc3 ./src/ESP8266.o
                              0x15cc5 (size before relaxing)
 .debug_str     0x00015bc3      0x5f9 ./src/Serial.o
                              0x160ef (size before relaxing)
 .debug_str     0x000161bc      0x36e ./src/TriAc.o
                              0x1629c (size before relaxing)
 .debug_str     0x0001652a      0x78e ./src/UPC_nRF24L01.o
                              0x15dfa (size before relaxing)
 .debug_str     0x00016cb8       0xca ./src/WorkApp.o
                              0x15b32 (size before relaxing)
 .debug_str     0x00016d82      0xaed ./src/WorkSD.o
                              0x16a61 (size before relaxing)
 .debug_str     0x0001786f      0x2a6 ./src/Work_ADC.o
                              0x1614d (size before relaxing)
 .debug_str     0x00017b15      0x138 ./src/Work_Bluetooth.o
                              0x160d2 (size before relaxing)
 .debug_str     0x00017c4d       0x74 ./src/Work_Bomba.o
                              0x15c0b (size before relaxing)
 .debug_str     0x00017cc1      0x1ce ./src/cr_startup_lpc43xx.o
                               0x2784 (size before relaxing)
 .debug_str     0x00017e8f       0xe9 ./src/crp.o
                               0x267b (size before relaxing)
 .debug_str     0x00017f78      0xc1d ./src/ff.o
                               0x3a7e (size before relaxing)
 .debug_str     0x00018b95       0xc2 ./src/lcd.o
                              0x15b89 (size before relaxing)
 .debug_str     0x00018c57      0x300 ./src/mmc.o
                              0x15fe5 (size before relaxing)
 .debug_str     0x00018f57       0x5e ./src/puertos.o
                              0x1522f (size before relaxing)
 .debug_str     0x00018fb5       0xc6 ./src/rtc.o
                              0x1530a (size before relaxing)
 .debug_str     0x0001907b       0x59 ./src/sapi_spi.o
                              0x15231 (size before relaxing)
 .debug_str     0x000190d4      0x612 ./src/sase2018.o
                              0x1707f (size before relaxing)
 .debug_str     0x000196e6       0x2f ./src/sysinit.o
                              0x15aaf (size before relaxing)
 .debug_str     0x00019715      0x34c C:\Users\samu_\Documents\MCUXpressoIDE_10.0.0_344\workspace\lpc_chip_43xx\Debug\liblpc_chip_43xx.a(adc_18xx_43xx.o)
                              0x1587a (size before relaxing)
 .debug_str     0x00019a61      0x262 C:\Users\samu_\Documents\MCUXpressoIDE_10.0.0_344\workspace\lpc_chip_43xx\Debug\liblpc_chip_43xx.a(chip_18xx_43xx.o)
                              0x15d62 (size before relaxing)
 .debug_str     0x00019cc3      0x5ff C:\Users\samu_\Documents\MCUXpressoIDE_10.0.0_344\workspace\lpc_chip_43xx\Debug\liblpc_chip_43xx.a(clock_18xx_43xx.o)
                              0x162e5 (size before relaxing)
 .debug_str     0x0001a2c2       0xb5 C:\Users\samu_\Documents\MCUXpressoIDE_10.0.0_344\workspace\lpc_chip_43xx\Debug\liblpc_chip_43xx.a(fpu_init.o)
                               0x98cb (size before relaxing)
 .debug_str     0x0001a377       0x38 C:\Users\samu_\Documents\MCUXpressoIDE_10.0.0_344\workspace\lpc_chip_43xx\Debug\liblpc_chip_43xx.a(gpio_18xx_43xx.o)
                              0x15078 (size before relaxing)
 .debug_str     0x0001a3af      0x1f5 C:\Users\samu_\Documents\MCUXpressoIDE_10.0.0_344\workspace\lpc_chip_43xx\Debug\liblpc_chip_43xx.a(rtc_18xx_43xx.o)
                              0x153f9 (size before relaxing)
 .debug_str     0x0001a5a4      0x5c6 C:\Users\samu_\Documents\MCUXpressoIDE_10.0.0_344\workspace\lpc_chip_43xx\Debug\liblpc_chip_43xx.a(ssp_18xx_43xx.o)
                              0x15a74 (size before relaxing)
 .debug_str     0x0001ab6a       0xe7 C:\Users\samu_\Documents\MCUXpressoIDE_10.0.0_344\workspace\lpc_chip_43xx\Debug\liblpc_chip_43xx.a(sysinit_18xx_43xx.o)
                              0x15d31 (size before relaxing)
 .debug_str     0x0001ac51      0x309 C:\Users\samu_\Documents\MCUXpressoIDE_10.0.0_344\workspace\lpc_chip_43xx\Debug\liblpc_chip_43xx.a(uart_18xx_43xx.o)
                              0x15e95 (size before relaxing)

.comment        0x00000000       0x6e
 .comment       0x00000000       0x6e ./src/ESP8266.o
                                 0x6f (size before relaxing)
 .comment       0x0000006e       0x6f ./src/Serial.o
 .comment       0x0000006e       0x6f ./src/TriAc.o
 .comment       0x0000006e       0x6f ./src/UPC_nRF24L01.o
 .comment       0x0000006e       0x6f ./src/WorkApp.o
 .comment       0x0000006e       0x6f ./src/WorkSD.o
 .comment       0x0000006e       0x6f ./src/Work_ADC.o
 .comment       0x0000006e       0x6f ./src/Work_Bluetooth.o
 .comment       0x0000006e       0x6f ./src/Work_Bomba.o
 .comment       0x0000006e       0x6f ./src/cr_startup_lpc43xx.o
 .comment       0x0000006e       0x6f ./src/crp.o
 .comment       0x0000006e       0x6f ./src/ff.o
 .comment       0x0000006e       0x6f ./src/lcd.o
 .comment       0x0000006e       0x6f ./src/mmc.o
 .comment       0x0000006e       0x6f ./src/puertos.o
 .comment       0x0000006e       0x6f ./src/rtc.o
 .comment       0x0000006e       0x6f ./src/sapi_spi.o
 .comment       0x0000006e       0x6f ./src/sase2018.o
 .comment       0x0000006e       0x6f ./src/sysinit.o
 .comment       0x0000006e       0x6f C:\Users\samu_\Documents\MCUXpressoIDE_10.0.0_344\workspace\lpc_chip_43xx\Debug\liblpc_chip_43xx.a(adc_18xx_43xx.o)
 .comment       0x0000006e       0x6f C:\Users\samu_\Documents\MCUXpressoIDE_10.0.0_344\workspace\lpc_chip_43xx\Debug\liblpc_chip_43xx.a(chip_18xx_43xx.o)
 .comment       0x0000006e       0x6f C:\Users\samu_\Documents\MCUXpressoIDE_10.0.0_344\workspace\lpc_chip_43xx\Debug\liblpc_chip_43xx.a(clock_18xx_43xx.o)
 .comment       0x0000006e       0x6f C:\Users\samu_\Documents\MCUXpressoIDE_10.0.0_344\workspace\lpc_chip_43xx\Debug\liblpc_chip_43xx.a(fpu_init.o)
 .comment       0x0000006e       0x6f C:\Users\samu_\Documents\MCUXpressoIDE_10.0.0_344\workspace\lpc_chip_43xx\Debug\liblpc_chip_43xx.a(gpio_18xx_43xx.o)
 .comment       0x0000006e       0x6f C:\Users\samu_\Documents\MCUXpressoIDE_10.0.0_344\workspace\lpc_chip_43xx\Debug\liblpc_chip_43xx.a(rtc_18xx_43xx.o)
 .comment       0x0000006e       0x6f C:\Users\samu_\Documents\MCUXpressoIDE_10.0.0_344\workspace\lpc_chip_43xx\Debug\liblpc_chip_43xx.a(ssp_18xx_43xx.o)
 .comment       0x0000006e       0x6f C:\Users\samu_\Documents\MCUXpressoIDE_10.0.0_344\workspace\lpc_chip_43xx\Debug\liblpc_chip_43xx.a(sysinit_18xx_43xx.o)
 .comment       0x0000006e       0x6f C:\Users\samu_\Documents\MCUXpressoIDE_10.0.0_344\workspace\lpc_chip_43xx\Debug\liblpc_chip_43xx.a(uart_18xx_43xx.o)
 .comment       0x0000006e       0x6f c:/nxp/mcuxpressoide_10.0.0_344/ide/tools/bin/../lib/gcc/arm-none-eabi/5.4.1/../../../../arm-none-eabi/lib/armv7e-m/softfp\libcr_c.a(memset.o)
 .comment       0x0000006e       0x6f c:/nxp/mcuxpressoide_10.0.0_344/ide/tools/bin/../lib/gcc/arm-none-eabi/5.4.1/../../../../arm-none-eabi/lib/armv7e-m/softfp\libcr_c.a(__weak__main.o)
 .comment       0x0000006e       0x6f c:/nxp/mcuxpressoide_10.0.0_344/ide/tools/bin/../lib/gcc/arm-none-eabi/5.4.1/../../../../arm-none-eabi/lib/armv7e-m/softfp\libcr_c.a(itoa.o)
 .comment       0x0000006e       0x6f c:/nxp/mcuxpressoide_10.0.0_344/ide/tools/bin/../lib/gcc/arm-none-eabi/5.4.1/../../../../arm-none-eabi/lib/armv7e-m/softfp\libcr_c.a(strcat.o)
 .comment       0x0000006e       0x6f c:/nxp/mcuxpressoide_10.0.0_344/ide/tools/bin/../lib/gcc/arm-none-eabi/5.4.1/../../../../arm-none-eabi/lib/armv7e-m/softfp\libcr_c.a(strcpy.o)
 .comment       0x0000006e       0x6f c:/nxp/mcuxpressoide_10.0.0_344/ide/tools/bin/../lib/gcc/arm-none-eabi/5.4.1/../../../../arm-none-eabi/lib/armv7e-m/softfp\libcr_c.a(strlen.o)

.ARM.attributes
                0x00000000       0x35
 .ARM.attributes
                0x00000000       0x37 ./src/ESP8266.o
 .ARM.attributes
                0x00000037       0x37 ./src/Serial.o
 .ARM.attributes
                0x0000006e       0x37 ./src/TriAc.o
 .ARM.attributes
                0x000000a5       0x37 ./src/UPC_nRF24L01.o
 .ARM.attributes
                0x000000dc       0x37 ./src/WorkApp.o
 .ARM.attributes
                0x00000113       0x37 ./src/WorkSD.o
 .ARM.attributes
                0x0000014a       0x37 ./src/Work_ADC.o
 .ARM.attributes
                0x00000181       0x37 ./src/Work_Bluetooth.o
 .ARM.attributes
                0x000001b8       0x37 ./src/Work_Bomba.o
 .ARM.attributes
                0x000001ef       0x37 ./src/cr_startup_lpc43xx.o
 .ARM.attributes
                0x00000226       0x37 ./src/crp.o
 .ARM.attributes
                0x0000025d       0x37 ./src/ff.o
 .ARM.attributes
                0x00000294       0x37 ./src/lcd.o
 .ARM.attributes
                0x000002cb       0x37 ./src/mmc.o
 .ARM.attributes
                0x00000302       0x37 ./src/puertos.o
 .ARM.attributes
                0x00000339       0x37 ./src/rtc.o
 .ARM.attributes
                0x00000370       0x37 ./src/sapi_spi.o
 .ARM.attributes
                0x000003a7       0x37 ./src/sase2018.o
 .ARM.attributes
                0x000003de       0x37 ./src/sysinit.o
 .ARM.attributes
                0x00000415       0x37 C:\Users\samu_\Documents\MCUXpressoIDE_10.0.0_344\workspace\lpc_chip_43xx\Debug\liblpc_chip_43xx.a(adc_18xx_43xx.o)
 .ARM.attributes
                0x0000044c       0x37 C:\Users\samu_\Documents\MCUXpressoIDE_10.0.0_344\workspace\lpc_chip_43xx\Debug\liblpc_chip_43xx.a(chip_18xx_43xx.o)
 .ARM.attributes
                0x00000483       0x37 C:\Users\samu_\Documents\MCUXpressoIDE_10.0.0_344\workspace\lpc_chip_43xx\Debug\liblpc_chip_43xx.a(clock_18xx_43xx.o)
 .ARM.attributes
                0x000004ba       0x37 C:\Users\samu_\Documents\MCUXpressoIDE_10.0.0_344\workspace\lpc_chip_43xx\Debug\liblpc_chip_43xx.a(fpu_init.o)
 .ARM.attributes
                0x000004f1       0x37 C:\Users\samu_\Documents\MCUXpressoIDE_10.0.0_344\workspace\lpc_chip_43xx\Debug\liblpc_chip_43xx.a(gpio_18xx_43xx.o)
 .ARM.attributes
                0x00000528       0x37 C:\Users\samu_\Documents\MCUXpressoIDE_10.0.0_344\workspace\lpc_chip_43xx\Debug\liblpc_chip_43xx.a(rtc_18xx_43xx.o)
 .ARM.attributes
                0x0000055f       0x37 C:\Users\samu_\Documents\MCUXpressoIDE_10.0.0_344\workspace\lpc_chip_43xx\Debug\liblpc_chip_43xx.a(ssp_18xx_43xx.o)
 .ARM.attributes
                0x00000596       0x37 C:\Users\samu_\Documents\MCUXpressoIDE_10.0.0_344\workspace\lpc_chip_43xx\Debug\liblpc_chip_43xx.a(sysinit_18xx_43xx.o)
 .ARM.attributes
                0x000005cd       0x37 C:\Users\samu_\Documents\MCUXpressoIDE_10.0.0_344\workspace\lpc_chip_43xx\Debug\liblpc_chip_43xx.a(uart_18xx_43xx.o)
 .ARM.attributes
                0x00000604       0x37 c:/nxp/mcuxpressoide_10.0.0_344/ide/tools/bin/../lib/gcc/arm-none-eabi/5.4.1/../../../../arm-none-eabi/lib/armv7e-m/softfp\libcr_c.a(memset.o)
 .ARM.attributes
                0x0000063b       0x37 c:/nxp/mcuxpressoide_10.0.0_344/ide/tools/bin/../lib/gcc/arm-none-eabi/5.4.1/../../../../arm-none-eabi/lib/armv7e-m/softfp\libcr_c.a(__weak__main.o)
 .ARM.attributes
                0x00000672       0x37 c:/nxp/mcuxpressoide_10.0.0_344/ide/tools/bin/../lib/gcc/arm-none-eabi/5.4.1/../../../../arm-none-eabi/lib/armv7e-m/softfp\libcr_c.a(itoa.o)
 .ARM.attributes
                0x000006a9       0x37 c:/nxp/mcuxpressoide_10.0.0_344/ide/tools/bin/../lib/gcc/arm-none-eabi/5.4.1/../../../../arm-none-eabi/lib/armv7e-m/softfp\libcr_c.a(strcat.o)
 .ARM.attributes
                0x000006e0       0x37 c:/nxp/mcuxpressoide_10.0.0_344/ide/tools/bin/../lib/gcc/arm-none-eabi/5.4.1/../../../../arm-none-eabi/lib/armv7e-m/softfp\libcr_c.a(strcpy.o)
 .ARM.attributes
                0x00000717       0x37 c:/nxp/mcuxpressoide_10.0.0_344/ide/tools/bin/../lib/gcc/arm-none-eabi/5.4.1/../../../../arm-none-eabi/lib/armv7e-m/softfp\libcr_c.a(strlen.o)
 .ARM.attributes
                0x0000074e       0x25 c:/nxp/mcuxpressoide_10.0.0_344/ide/tools/bin/../lib/gcc/arm-none-eabi/5.4.1/armv7e-m/softfp\libcr_eabihelpers.a(memcpy.o)

.debug_frame    0x00000000     0x3918
 .debug_frame   0x00000000      0x100 ./src/ESP8266.o
 .debug_frame   0x00000100      0x2c4 ./src/Serial.o
 .debug_frame   0x000003c4      0x450 ./src/TriAc.o
 .debug_frame   0x00000814      0x58c ./src/UPC_nRF24L01.o
 .debug_frame   0x00000da0       0x88 ./src/WorkApp.o
 .debug_frame   0x00000e28      0x1f0 ./src/WorkSD.o
 .debug_frame   0x00001018       0xec ./src/Work_ADC.o
 .debug_frame   0x00001104      0x1bc ./src/Work_Bluetooth.o
 .debug_frame   0x000012c0      0x124 ./src/Work_Bomba.o
 .debug_frame   0x000013e4      0x170 ./src/cr_startup_lpc43xx.o
 .debug_frame   0x00001554      0x718 ./src/ff.o
 .debug_frame   0x00001c6c       0xd8 ./src/lcd.o
 .debug_frame   0x00001d44      0x2d4 ./src/mmc.o
 .debug_frame   0x00002018      0x174 ./src/puertos.o
 .debug_frame   0x0000218c       0x98 ./src/rtc.o
 .debug_frame   0x00002224       0xa8 ./src/sapi_spi.o
 .debug_frame   0x000022cc      0x140 ./src/sase2018.o
 .debug_frame   0x0000240c       0x34 ./src/sysinit.o
 .debug_frame   0x00002440      0x264 C:\Users\samu_\Documents\MCUXpressoIDE_10.0.0_344\workspace\lpc_chip_43xx\Debug\liblpc_chip_43xx.a(adc_18xx_43xx.o)
 .debug_frame   0x000026a4       0xa0 C:\Users\samu_\Documents\MCUXpressoIDE_10.0.0_344\workspace\lpc_chip_43xx\Debug\liblpc_chip_43xx.a(chip_18xx_43xx.o)
 .debug_frame   0x00002744      0x568 C:\Users\samu_\Documents\MCUXpressoIDE_10.0.0_344\workspace\lpc_chip_43xx\Debug\liblpc_chip_43xx.a(clock_18xx_43xx.o)
 .debug_frame   0x00002cac       0x38 C:\Users\samu_\Documents\MCUXpressoIDE_10.0.0_344\workspace\lpc_chip_43xx\Debug\liblpc_chip_43xx.a(fpu_init.o)
 .debug_frame   0x00002ce4       0x60 C:\Users\samu_\Documents\MCUXpressoIDE_10.0.0_344\workspace\lpc_chip_43xx\Debug\liblpc_chip_43xx.a(gpio_18xx_43xx.o)
 .debug_frame   0x00002d44      0x214 C:\Users\samu_\Documents\MCUXpressoIDE_10.0.0_344\workspace\lpc_chip_43xx\Debug\liblpc_chip_43xx.a(rtc_18xx_43xx.o)
 .debug_frame   0x00002f58      0x3e8 C:\Users\samu_\Documents\MCUXpressoIDE_10.0.0_344\workspace\lpc_chip_43xx\Debug\liblpc_chip_43xx.a(ssp_18xx_43xx.o)
 .debug_frame   0x00003340       0xf4 C:\Users\samu_\Documents\MCUXpressoIDE_10.0.0_344\workspace\lpc_chip_43xx\Debug\liblpc_chip_43xx.a(sysinit_18xx_43xx.o)
 .debug_frame   0x00003434      0x4e4 C:\Users\samu_\Documents\MCUXpressoIDE_10.0.0_344\workspace\lpc_chip_43xx\Debug\liblpc_chip_43xx.a(uart_18xx_43xx.o)
